Archive member included to satisfy reference by file (symbol)

D:/Programy/ST/STM32CubeIDE_1.14.1/STM32CubeIDE/plugins/com.st.stm32cube.ide.mcu.externaltools.gnu-tools-for-stm32.12.3.rel1.win32_1.0.100.202403111256/tools/bin/../lib/gcc/arm-none-eabi/12.3.1/../../../../arm-none-eabi/lib/thumb/v7e-m+fp/hard\libc_nano.a(libc_a-exit.o)
                              D:/Programy/ST/STM32CubeIDE_1.14.1/STM32CubeIDE/plugins/com.st.stm32cube.ide.mcu.externaltools.gnu-tools-for-stm32.12.3.rel1.win32_1.0.100.202403111256/tools/bin/../lib/gcc/arm-none-eabi/12.3.1/../../../../arm-none-eabi/lib/thumb/v7e-m+fp/hard/crt0.o (exit)
D:/Programy/ST/STM32CubeIDE_1.14.1/STM32CubeIDE/plugins/com.st.stm32cube.ide.mcu.externaltools.gnu-tools-for-stm32.12.3.rel1.win32_1.0.100.202403111256/tools/bin/../lib/gcc/arm-none-eabi/12.3.1/../../../../arm-none-eabi/lib/thumb/v7e-m+fp/hard\libc_nano.a(libc_a-malloc.o)
                              ./FreeRTOS/heap_3.o (malloc)
D:/Programy/ST/STM32CubeIDE_1.14.1/STM32CubeIDE/plugins/com.st.stm32cube.ide.mcu.externaltools.gnu-tools-for-stm32.12.3.rel1.win32_1.0.100.202403111256/tools/bin/../lib/gcc/arm-none-eabi/12.3.1/../../../../arm-none-eabi/lib/thumb/v7e-m+fp/hard\libc_nano.a(libc_a-mallocr.o)
                              D:/Programy/ST/STM32CubeIDE_1.14.1/STM32CubeIDE/plugins/com.st.stm32cube.ide.mcu.externaltools.gnu-tools-for-stm32.12.3.rel1.win32_1.0.100.202403111256/tools/bin/../lib/gcc/arm-none-eabi/12.3.1/../../../../arm-none-eabi/lib/thumb/v7e-m+fp/hard\libc_nano.a(libc_a-malloc.o) (_malloc_r)
D:/Programy/ST/STM32CubeIDE_1.14.1/STM32CubeIDE/plugins/com.st.stm32cube.ide.mcu.externaltools.gnu-tools-for-stm32.12.3.rel1.win32_1.0.100.202403111256/tools/bin/../lib/gcc/arm-none-eabi/12.3.1/../../../../arm-none-eabi/lib/thumb/v7e-m+fp/hard\libc_nano.a(libc_a-mlock.o)
                              D:/Programy/ST/STM32CubeIDE_1.14.1/STM32CubeIDE/plugins/com.st.stm32cube.ide.mcu.externaltools.gnu-tools-for-stm32.12.3.rel1.win32_1.0.100.202403111256/tools/bin/../lib/gcc/arm-none-eabi/12.3.1/../../../../arm-none-eabi/lib/thumb/v7e-m+fp/hard\libc_nano.a(libc_a-mallocr.o) (__malloc_lock)
D:/Programy/ST/STM32CubeIDE_1.14.1/STM32CubeIDE/plugins/com.st.stm32cube.ide.mcu.externaltools.gnu-tools-for-stm32.12.3.rel1.win32_1.0.100.202403111256/tools/bin/../lib/gcc/arm-none-eabi/12.3.1/../../../../arm-none-eabi/lib/thumb/v7e-m+fp/hard\libc_nano.a(libc_a-findfp.o)
                              D:/Programy/ST/STM32CubeIDE_1.14.1/STM32CubeIDE/plugins/com.st.stm32cube.ide.mcu.externaltools.gnu-tools-for-stm32.12.3.rel1.win32_1.0.100.202403111256/tools/bin/../lib/gcc/arm-none-eabi/12.3.1/../../../../arm-none-eabi/lib/thumb/v7e-m+fp/hard\libc_nano.a(libc_a-exit.o) (__stdio_exit_handler)
D:/Programy/ST/STM32CubeIDE_1.14.1/STM32CubeIDE/plugins/com.st.stm32cube.ide.mcu.externaltools.gnu-tools-for-stm32.12.3.rel1.win32_1.0.100.202403111256/tools/bin/../lib/gcc/arm-none-eabi/12.3.1/../../../../arm-none-eabi/lib/thumb/v7e-m+fp/hard\libc_nano.a(libc_a-fwalk.o)
                              D:/Programy/ST/STM32CubeIDE_1.14.1/STM32CubeIDE/plugins/com.st.stm32cube.ide.mcu.externaltools.gnu-tools-for-stm32.12.3.rel1.win32_1.0.100.202403111256/tools/bin/../lib/gcc/arm-none-eabi/12.3.1/../../../../arm-none-eabi/lib/thumb/v7e-m+fp/hard\libc_nano.a(libc_a-findfp.o) (_fwalk_sglue)
D:/Programy/ST/STM32CubeIDE_1.14.1/STM32CubeIDE/plugins/com.st.stm32cube.ide.mcu.externaltools.gnu-tools-for-stm32.12.3.rel1.win32_1.0.100.202403111256/tools/bin/../lib/gcc/arm-none-eabi/12.3.1/../../../../arm-none-eabi/lib/thumb/v7e-m+fp/hard\libc_nano.a(libc_a-stdio.o)
                              D:/Programy/ST/STM32CubeIDE_1.14.1/STM32CubeIDE/plugins/com.st.stm32cube.ide.mcu.externaltools.gnu-tools-for-stm32.12.3.rel1.win32_1.0.100.202403111256/tools/bin/../lib/gcc/arm-none-eabi/12.3.1/../../../../arm-none-eabi/lib/thumb/v7e-m+fp/hard\libc_nano.a(libc_a-findfp.o) (__sread)
D:/Programy/ST/STM32CubeIDE_1.14.1/STM32CubeIDE/plugins/com.st.stm32cube.ide.mcu.externaltools.gnu-tools-for-stm32.12.3.rel1.win32_1.0.100.202403111256/tools/bin/../lib/gcc/arm-none-eabi/12.3.1/../../../../arm-none-eabi/lib/thumb/v7e-m+fp/hard\libc_nano.a(libc_a-memset.o)
                              D:/Programy/ST/STM32CubeIDE_1.14.1/STM32CubeIDE/plugins/com.st.stm32cube.ide.mcu.externaltools.gnu-tools-for-stm32.12.3.rel1.win32_1.0.100.202403111256/tools/bin/../lib/gcc/arm-none-eabi/12.3.1/../../../../arm-none-eabi/lib/thumb/v7e-m+fp/hard/crt0.o (memset)
D:/Programy/ST/STM32CubeIDE_1.14.1/STM32CubeIDE/plugins/com.st.stm32cube.ide.mcu.externaltools.gnu-tools-for-stm32.12.3.rel1.win32_1.0.100.202403111256/tools/bin/../lib/gcc/arm-none-eabi/12.3.1/../../../../arm-none-eabi/lib/thumb/v7e-m+fp/hard\libc_nano.a(libc_a-closer.o)
[...]
Memory Configuration

Name             Origin             Length             Attributes
FLASH            0x08000000         0x0001b800         xr
RAM              0x20000008         0x00002ff8         xrw
RAM_SHARED       0x20030000         0x00002800         xrw
*default*        0x00000000         0xffffffff

Linker script and memory map

LOAD D:/Programy/ST/STM32CubeIDE_1.14.1/STM32CubeIDE/plugins/com.st.stm32cube.ide.mcu.externaltools.gnu-tools-for-stm32.12.3.rel1.win32_1.0.100.202403111256/tools/bin/../lib/gcc/arm-none-eabi/12.3.1/thumb/v7e-m+fp/hard/crti.o
LOAD D:/Programy/ST/STM32CubeIDE_1.14.1/STM32CubeIDE/plugins/com.st.stm32cube.ide.mcu.externaltools.gnu-tools-for-stm32.12.3.rel1.win32_1.0.100.202403111256/tools/bin/../lib/gcc/arm-none-eabi/12.3.1/thumb/v7e-m+fp/hard/crtbegin.o
LOAD D:/Programy/ST/STM32CubeIDE_1.14.1/STM32CubeIDE/plugins/com.st.stm32cube.ide.mcu.externaltools.gnu-tools-for-stm32.12.3.rel1.win32_1.0.100.202403111256/tools/bin/../lib/gcc/arm-none-eabi/12.3.1/../../../../arm-none-eabi/lib/thumb/v7e-m+fp/hard/crt0.o
LOAD ./Drivers/STM32WBxx_LL_Driver/stm32wbxx_ll_gpio.o
LOAD ./Drivers/STM32WBxx_LL_Driver/stm32wbxx_ll_rcc.o
LOAD ./Drivers/STM32WBxx_LL_Driver/stm32wbxx_ll_usart.o
LOAD ./Drivers/STM32WBxx_LL_Driver/stm32wbxx_ll_utils.o
LOAD ./FreeRTOS/heap_3.o
LOAD ./FreeRTOS/list.o
LOAD ./FreeRTOS/port.o
LOAD ./FreeRTOS/queue.o
LOAD ./FreeRTOS/tasks.o
LOAD ./FreeRTOS/timers.o
LOAD ./Src/I2CDrv.o
LOAD ./Src/MainDev.o
LOAD ./Src/WeatherDrv.o
LOAD ./Src/main.o
LOAD ./Src/stlm75Drv.o
LOAD ./Src/stm32wbxx_it.o
LOAD ./Src/stream_buffer.o
LOAD ./Src/syscalls.o
LOAD ./Src/sysmem.o
LOAD ./Src/system_stm32wbxx.o
LOAD ./Startup/startup_stm32wb15ccux.o
START GROUP
LOAD D:/Programy/ST/STM32CubeIDE_1.14.1/STM32CubeIDE/plugins/com.st.stm32cube.ide.mcu.externaltools.gnu-tools-for-stm32.12.3.rel1.win32_1.0.100.202403111256/tools/bin/../lib/gcc/arm-none-eabi/12.3.1/../../../../arm-none-eabi/lib/thumb/v7e-m+fp/hard\libc_nano.a
LOAD D:/Programy/ST/STM32CubeIDE_1.14.1/STM32CubeIDE/plugins/com.st.stm32cube.ide.mcu.externaltools.gnu-tools-for-stm32.12.3.rel1.win32_1.0.100.202403111256/tools/bin/../lib/gcc/arm-none-eabi/12.3.1/../../../../arm-none-eabi/lib/thumb/v7e-m+fp/hard\libm.a
END GROUP
START GROUP
LOAD D:/Programy/ST/STM32CubeIDE_1.14.1/STM32CubeIDE/plugins/com.st.stm32cube.ide.mcu.externaltools.gnu-tools-for-stm32.12.3.rel1.win32_1.0.100.202403111256/tools/bin/../lib/gcc/arm-none-eabi/12.3.1/thumb/v7e-m+fp/hard\libgcc.a
LOAD D:/Programy/ST/STM32CubeIDE_1.14.1/STM32CubeIDE/plugins/com.st.stm32cube.ide.mcu.externaltools.gnu-tools-for-stm32.12.3.rel1.win32_1.0.100.202403111256/tools/bin/../lib/gcc/arm-none-eabi/12.3.1/../../../../arm-none-eabi/lib/thumb/v7e-m+fp/hard\libc_nano.a
END GROUP
START GROUP
LOAD D:/Programy/ST/STM32CubeIDE_1.14.1/STM32CubeIDE/plugins/com.st.stm32cube.ide.mcu.externaltools.gnu-tools-for-stm32.12.3.rel1.win32_1.0.100.202403111256/tools/bin/../lib/gcc/arm-none-eabi/12.3.1/thumb/v7e-m+fp/hard\libgcc.a
LOAD D:/Programy/ST/STM32CubeIDE_1.14.1/STM32CubeIDE/plugins/com.st.stm32cube.ide.mcu.externaltools.gnu-tools-for-stm32.12.3.rel1.win32_1.0.100.202403111256/tools/bin/../lib/gcc/arm-none-eabi/12.3.1/../../../../arm-none-eabi/lib/thumb/v7e-m+fp/hard\libc_nano.a
LOAD D:/Programy/ST/STM32CubeIDE_1.14.1/STM32CubeIDE/plugins/com.st.stm32cube.ide.mcu.externaltools.gnu-tools-for-stm32.12.3.rel1.win32_1.0.100.202403111256/tools/bin/../lib/gcc/arm-none-eabi/12.3.1/../../../../arm-none-eabi/lib/thumb/v7e-m+fp/hard\libnosys.a
END GROUP
START GROUP
LOAD D:/Programy/ST/STM32CubeIDE_1.14.1/STM32CubeIDE/plugins/com.st.stm32cube.ide.mcu.externaltools.gnu-tools-for-stm32.12.3.rel1.win32_1.0.100.202403111256/tools/bin/../lib/gcc/arm-none-eabi/12.3.1/thumb/v7e-m+fp/hard\libgcc.a
LOAD D:/Programy/ST/STM32CubeIDE_1.14.1/STM32CubeIDE/plugins/com.st.stm32cube.ide.mcu.externaltools.gnu-tools-for-stm32.12.3.rel1.win32_1.0.100.202403111256/tools/bin/../lib/gcc/arm-none-eabi/12.3.1/../../../../arm-none-eabi/lib/thumb/v7e-m+fp/hard\libc_nano.a
LOAD D:/Programy/ST/STM32CubeIDE_1.14.1/STM32CubeIDE/plugins/com.st.stm32cube.ide.mcu.externaltools.gnu-tools-for-stm32.12.3.rel1.win32_1.0.100.202403111256/tools/bin/../lib/gcc/arm-none-eabi/12.3.1/../../../../arm-none-eabi/lib/thumb/v7e-m+fp/hard\libnosys.a
END GROUP
LOAD D:/Programy/ST/STM32CubeIDE_1.14.1/STM32CubeIDE/plugins/com.st.stm32cube.ide.mcu.externaltools.gnu-tools-for-stm32.12.3.rel1.win32_1.0.100.202403111256/tools/bin/../lib/gcc/arm-none-eabi/12.3.1/thumb/v7e-m+fp/hard/crtend.o
LOAD D:/Programy/ST/STM32CubeIDE_1.14.1/STM32CubeIDE/plugins/com.st.stm32cube.ide.mcu.externaltools.gnu-tools-for-stm32.12.3.rel1.win32_1.0.100.202403111256/tools/bin/../lib/gcc/arm-none-eabi/12.3.1/thumb/v7e-m+fp/hard/crtn.o
                0x20003000                        _estack = (ORIGIN (RAM) + LENGTH (RAM))
                0x00000400                        _Min_Heap_Size = 0x400
                0x00001000                        _Min_Stack_Size = 0x1000

.isr_vector     0x08000000      0x13c
                0x08000000                        . = ALIGN (0x4)
 *(.isr_vector)
 .isr_vector    0x08000000      0x13c ./Startup/startup_stm32wb15ccux.o
                0x08000000                g_pfnVectors
                0x0800013c                        . = ALIGN (0x4)

.text           0x08000140     0x2398
                0x08000140                        . = ALIGN (0x4)
 *(.text)
 .text          0x08000140       0x40 D:/Programy/ST/STM32CubeIDE_1.14.1/STM32CubeIDE/plugins/com.st.stm32cube.ide.mcu.externaltools.gnu-tools-for-stm32.12.3.rel1.win32_1.0.100.202403111256/tools/bin/../lib/gcc/arm-none-eabi/12.3.1/thumb/v7e-m+fp/hard/crtbegin.o
 *(.text*)
 .text.LL_InitTick
                0x08000180       0x34 ./Drivers/STM32WBxx_LL_Driver/stm32wbxx_ll_utils.o
 .text.LL_Init1msTick
                0x080001b4       0x1a ./Drivers/STM32WBxx_LL_Driver/stm32wbxx_ll_utils.o
                0x080001b4                LL_Init1msTick
 .text.pvPortMalloc
                0x080001ce       0x2e ./FreeRTOS/heap_3.o
                0x080001ce                pvPortMalloc
 .text.vPortFree
                0x080001fc       0x24 ./FreeRTOS/heap_3.o
                0x080001fc                vPortFree
 .text.vListInitialise
                0x08000220       0x40 ./FreeRTOS/list.o
                0x08000220                vListInitialise
 .text.vListInitialiseItem
                0x08000260       0x1a ./FreeRTOS/list.o
                0x08000260                vListInitialiseItem
 .text.uxListRemove
                0x0800027a       0x54 ./FreeRTOS/list.o
                0x0800027a                uxListRemove
 *fill*         0x080002ce        0x2 
 .text.pxPortInitialiseStack
                0x080002d0       0x68 ./FreeRTOS/port.o
                0x080002d0                pxPortInitialiseStack
 .text.prvTaskExitError
                0x08000338       0x5c ./FreeRTOS/port.o
 *fill*         0x08000394        0xc 
 .text.SVC_Handler
                0x080003a0       0x28 ./FreeRTOS/port.o
                0x080003a0                SVC_Handler
 .text.prvPortStartFirstTask
                0x080003c8       0x2c ./FreeRTOS/port.o
 .text.xPortStartScheduler
                0x080003f4      0x1e0 ./FreeRTOS/port.o
                0x080003f4                xPortStartScheduler
 .text.vPortEnterCritical
                0x080005d4       0x64 ./FreeRTOS/port.o
                0x080005d4                vPortEnterCritical
 .text.vPortExitCritical
                0x08000638       0x54 ./FreeRTOS/port.o
                0x08000638                vPortExitCritical
 *fill*         0x0800068c        0x4 
 .text.PendSV_Handler
                0x08000690       0x68 ./FreeRTOS/port.o
                0x08000690                PendSV_Handler
 .text.SysTick_Handler
                0x080006f8       0x44 ./FreeRTOS/port.o
                0x080006f8                SysTick_Handler
 .text.vPortSetupTimerInterrupt
                0x0800073c       0x48 ./FreeRTOS/port.o
                0x0800073c                vPortSetupTimerInterrupt
 .text.vPortEnableVFP
                0x08000784       0x18 ./FreeRTOS/port.o
 .text.vPortValidateInterruptPriority
                0x0800079c       0x84 ./FreeRTOS/port.o
                0x0800079c                vPortValidateInterruptPriority
 .text.xQueueGiveFromISR
                0x08000820      0x150 ./FreeRTOS/queue.o
                0x08000820                xQueueGiveFromISR
 .text.prvCreateTask
                0x08000970       0x78 ./FreeRTOS/tasks.o
 .text.xTaskCreate
                0x080009e8       0x46 ./FreeRTOS/tasks.o
                0x080009e8                xTaskCreate
 .text.prvInitialiseNewTask
                0x08000a2e      0x120 ./FreeRTOS/tasks.o
 *fill*         0x08000b4e        0x2 
 .text.prvAddNewTaskToReadyList
                0x08000b50      0x130 ./FreeRTOS/tasks.o
 .text.prvCreateIdleTasks
                0x08000c80       0x94 ./FreeRTOS/tasks.o
 .text.vTaskStartScheduler
                0x08000d14       0x7c ./FreeRTOS/tasks.o
                0x08000d14                vTaskStartScheduler
 .text.vTaskSuspendAll
                0x08000d90       0x1c ./FreeRTOS/tasks.o
                0x08000d90                vTaskSuspendAll
 .text.xTaskResumeAll
                0x08000dac      0x210 ./FreeRTOS/tasks.o
                0x08000dac                xTaskResumeAll
 .text.uxTaskGetNumberOfTasks
                0x08000fbc       0x18 ./FreeRTOS/tasks.o
                0x08000fbc                uxTaskGetNumberOfTasks
 .text.xTaskIncrementTick
                0x08000fd4      0x244 ./FreeRTOS/tasks.o
                0x08000fd4                xTaskIncrementTick
 .text.vTaskSwitchContext
                0x08001218       0xdc ./FreeRTOS/tasks.o
                0x08001218                vTaskSwitchContext
 .text.xTaskRemoveFromEventList
                0x080012f4      0x1b4 ./FreeRTOS/tasks.o
                0x080012f4                xTaskRemoveFromEventList
 .text.prvIdleTask
                0x080014a8       0x34 ./FreeRTOS/tasks.o
 .text.prvInitialiseTaskLists
                0x080014dc       0x74 ./FreeRTOS/tasks.o
 .text.prvCheckTasksWaitingTermination
                0x08001550       0x5c ./FreeRTOS/tasks.o
 .text.prvDeleteTCB
                0x080015ac       0x20 ./FreeRTOS/tasks.o
 .text.prvResetNextTaskUnblockTime
                0x080015cc       0x38 ./FreeRTOS/tasks.o
 .text.LL_I2C_EnableDMAReq_TX
                0x08001604       0x20 ./Src/I2CDrv.o
 .text.LL_I2C_EnableDMAReq_RX
                0x08001624       0x20 ./Src/I2CDrv.o
 .text.LL_I2C_IsActiveFlag_ADDR
                0x08001644       0x26 ./Src/I2CDrv.o
 .text.LL_I2C_ClearFlag_ADDR
                0x0800166a       0x20 ./Src/I2CDrv.o
 .text.LL_I2C_ClearFlag_BERR
                0x0800168a       0x20 ./Src/I2CDrv.o
 .text.LL_I2C_ClearFlag_ARLO
                0x080016aa       0x20 ./Src/I2CDrv.o
 .text.LL_I2C_ClearFlag_OVR
                0x080016ca       0x20 ./Src/I2CDrv.o
 .text.LL_I2C_AcknowledgeNextData
                0x080016ea       0x26 ./Src/I2CDrv.o
 .text.LL_I2C_GetTransferDirection
                0x08001710       0x1c ./Src/I2CDrv.o
 .text.LL_I2C_TransmitData8
                0x0800172c       0x1e ./Src/I2CDrv.o
 *fill*         0x0800174a        0x2 
 .text.I2C1_EV_IRQHandler
                0x0800174c       0xc4 ./Src/I2CDrv.o
                0x0800174c                I2C1_EV_IRQHandler
 .text.I2C1_ER_IRQHandler
                0x08001810       0x68 ./Src/I2CDrv.o
                0x08001810                I2C1_ER_IRQHandler
 .text.LL_AHB2_GRP1_EnableClock
                0x08001878       0x32 ./Src/MainDev.o
 .text.LL_GPIO_SetPinMode
                0x080018aa       0x7a ./Src/MainDev.o
 .text.LL_GPIO_SetPinSpeed
                0x08001924       0x7a ./Src/MainDev.o
 .text.LL_GPIO_SetPinPull
                0x0800199e       0x7a ./Src/MainDev.o
 .text.LL_GPIO_SetAFPin_0_7
                0x08001a18       0x7a ./Src/MainDev.o
 .text.LL_GPIO_ResetOutputPin
                0x08001a92       0x1c ./Src/MainDev.o
 .text.LL_GPIO_TogglePin
                0x08001aae       0x32 ./Src/MainDev.o
 .text.MainDev_Init
                0x08001ae0       0x24 ./Src/MainDev.o
                0x08001ae0                MainDev_Init
 .text.initGPIO
                0x08001b04       0x44 ./Src/MainDev.o
 .text.MainDev_MainLoopProc
                0x08001b48       0x2c ./Src/MainDev.o
                0x08001b48                MainDev_MainLoopProc
 .text.LL_FLASH_SetLatency
                0x08001b74       0x28 ./Src/main.o
 .text.LL_FLASH_GetLatency
                0x08001b9c       0x1c ./Src/main.o
 .text.LL_RCC_HSI_Enable
                0x08001bb8       0x1e ./Src/main.o
 .text.LL_RCC_HSI_IsReady
                0x08001bd6       0x24 ./Src/main.o
 .text.LL_RCC_MSI_Enable
                0x08001bfa       0x1e ./Src/main.o
 .text.LL_RCC_MSI_IsReady
                0x08001c18       0x22 ./Src/main.o
 .text.LL_RCC_SetSysClkSource
                0x08001c3a       0x28 ./Src/main.o
 .text.LL_RCC_GetSysClkSource
                0x08001c62       0x18 ./Src/main.o
 .text.LL_RCC_SetAHBPrescaler
                0x08001c7a       0x28 ./Src/main.o
 .text.LL_C2_RCC_SetAHBPrescaler
                0x08001ca2       0x2c ./Src/main.o
 .text.LL_RCC_SetAHB4Prescaler
                0x08001cce       0x2e ./Src/main.o
 .text.LL_RCC_SetAPB1Prescaler
                0x08001cfc       0x28 ./Src/main.o
 .text.LL_RCC_SetAPB2Prescaler
                0x08001d24       0x28 ./Src/main.o
 .text.LL_RCC_PLL_Enable
                0x08001d4c       0x1e ./Src/main.o
 .text.LL_RCC_PLL_IsReady
                0x08001d6a       0x24 ./Src/main.o
 *fill*         0x08001d8e        0x2 
 .text.LL_RCC_PLL_ConfigDomain_SYS
                0x08001d90       0x40 ./Src/main.o
 .text.LL_RCC_PLL_EnableDomain_SYS
                0x08001dd0       0x1e ./Src/main.o
 *fill*         0x08001dee        0x2 
 .text.main     0x08001df0       0x20 ./Src/main.o
                0x08001df0                main
 .text.vApplicationIdleHook
                0x08001e10        0xe ./Src/main.o
                0x08001e10                vApplicationIdleHook
 *fill*         0x08001e1e        0x2 
 .text.vApplicationTickHook
                0x08001e20       0x2c ./Src/main.o
                0x08001e20                vApplicationTickHook
 .text.vApplicationMallocFailedHook
                0x08001e4c       0x10 ./Src/main.o
                0x08001e4c                vApplicationMallocFailedHook
 .text.vApplicationStackOverflowHook
                0x08001e5c       0x18 ./Src/main.o
                0x08001e5c                vApplicationStackOverflowHook
 .text.setUpClock
                0x08001e74       0xac ./Src/main.o
 .text.NMI_Handler
                0x08001f20        0xe ./Src/stm32wbxx_it.o
                0x08001f20                NMI_Handler
 .text.HardFault_Handler
                0x08001f2e        0xa ./Src/stm32wbxx_it.o
                0x08001f2e                HardFault_Handler
 .text.MemManage_Handler
                0x08001f38        0x8 ./Src/stm32wbxx_it.o
                0x08001f38                MemManage_Handler
 .text.BusFault_Handler
                0x08001f40        0x8 ./Src/stm32wbxx_it.o
                0x08001f40                BusFault_Handler
 .text.UsageFault_Handler
                0x08001f48        0x8 ./Src/stm32wbxx_it.o
                0x08001f48                UsageFault_Handler
 .text.DebugMon_Handler
                0x08001f50        0xe ./Src/stm32wbxx_it.o
                0x08001f50                DebugMon_Handler
 *fill*         0x08001f5e        0x2 
 .text._sbrk    0x08001f60       0x6c ./Src/sysmem.o
                0x08001f60                _sbrk
 .text.SystemInit
                0x08001fcc       0xa4 ./Src/system_stm32wbxx.o
                0x08001fcc                SystemInit
 .text.SystemCoreClockUpdate
                0x08002070      0x144 ./Src/system_stm32wbxx.o
                0x08002070                SystemCoreClockUpdate
 .text.data_initializers
                0x080021b4       0x18 ./Startup/startup_stm32wb15ccux.o
 .text.Reset_Handler
                0x080021cc       0x58 ./Startup/startup_stm32wb15ccux.o
                0x080021cc                Reset_Handler
 .text.Default_Handler
                0x08002224        0x2 ./Startup/startup_stm32wb15ccux.o
                0x08002224                EXTI2_IRQHandler
                0x08002224                DMA1_CH4_IRQHandler
                0x08002224                TIM1_CC_IRQHandler
                0x08002224                PVD_IRQHandler
                0x08002224                EXTI3_IRQHandler
                0x08002224                True_RNG_IRQHandler
                0x08002224                LPTIM2_IRQHandler
                0x08002224                PWR_SOTF_IRQHandler
                0x08002224                EXTI0_IRQHandler
                0x08002224                IPCC_C1_TX_IT_IRQHandler
                0x08002224                RTC_TAMP_IRQHandler
                0x08002224                SPI1_IRQHandler
                0x08002224                DMA1_CH7_IRQHandler
                0x08002224                RTC_ALARM_IRQHandler
                0x08002224                ADC1_IRQHandler
                0x08002224                PKA_IRQHandler
                0x08002224                DMA1_CH6_IRQHandler
                0x08002224                DMAMUX1_OVR_IRQHandler
                0x08002224                DMA1_CH3_IRQHandler
                0x08002224                RCC_IRQHandler
                0x08002224                EXTI10_15_IRQHandler
                0x08002224                TIM1_TRG_COM_IRQHandler
                0x08002224                Default_Handler
                0x08002224                C2SEV_IRQHandler
                0x08002224                AES2_IRQHandler
                0x08002224                DMA1_CH2_IRQHandler
                0x08002224                RTC_WKUP_IRQHandler
                0x08002224                DMA1_CH1_IRQHandler
                0x08002224                IPCC_C1_RX_IT_IRQHandler
                0x08002224                EXTI4_IRQHandler
                0x08002224                COMP_IRQHandler
                0x08002224                HSEM_IRQHandler
                0x08002224                TIM1_UP_IRQHandler
                0x08002224                WWDG_IRQHandler
                0x08002224                LPUART1_IRQHandler
                0x08002224                EXTI5_9_IRQHandler
                0x08002224                TIM2_IRQHandler
                0x08002224                TIM1_BRK_IRQHandler
                0x08002224                EXTI1_IRQHandler
                0x08002224                FLASH_IRQHandler
                0x08002224                USART1_IRQHandler
                0x08002224                DMA1_CH5_IRQHandler
                0x08002224                LPTIM1_IRQHandler
 *fill*         0x08002226        0x2 
 .text.malloc   0x08002228       0x10 D:/Programy/ST/STM32CubeIDE_1.14.1/STM32CubeIDE/plugins/com.st.stm32cube.ide.mcu.externaltools.gnu-tools-for-stm32.12.3.rel1.win32_1.0.100.202403111256/tools/bin/../lib/gcc/arm-none-eabi/12.3.1/../../../../arm-none-eabi/lib/thumb/v7e-m+fp/hard\libc_nano.a(libc_a-malloc.o)
                0x08002228                malloc
 .text.free     0x08002238       0x10 D:/Programy/ST/STM32CubeIDE_1.14.1/STM32CubeIDE/plugins/com.st.stm32cube.ide.mcu.externaltools.gnu-tools-for-stm32.12.3.rel1.win32_1.0.100.202403111256/tools/bin/../lib/gcc/arm-none-eabi/12.3.1/../../../../arm-none-eabi/lib/thumb/v7e-m+fp/hard\libc_nano.a(libc_a-malloc.o)
                0x08002238                free
 .text.sbrk_aligned
                0x08002248       0x44 D:/Programy/ST/STM32CubeIDE_1.14.1/STM32CubeIDE/plugins/com.st.stm32cube.ide.mcu.externaltools.gnu-tools-for-stm32.12.3.rel1.win32_1.0.100.202403111256/tools/bin/../lib/gcc/arm-none-eabi/12.3.1/../../../../arm-none-eabi/lib/thumb/v7e-m+fp/hard\libc_nano.a(libc_a-mallocr.o)
 .text._malloc_r
                0x0800228c      0x100 D:/Programy/ST/STM32CubeIDE_1.14.1/STM32CubeIDE/plugins/com.st.stm32cube.ide.mcu.externaltools.gnu-tools-for-stm32.12.3.rel1.win32_1.0.100.202403111256/tools/bin/../lib/gcc/arm-none-eabi/12.3.1/../../../../arm-none-eabi/lib/thumb/v7e-m+fp/hard\libc_nano.a(libc_a-mallocr.o)
                0x0800228c                _malloc_r
 .text.__malloc_lock
                0x0800238c        0xc D:/Programy/ST/STM32CubeIDE_1.14.1/STM32CubeIDE/plugins/com.st.stm32cube.ide.mcu.externaltools.gnu-tools-for-stm32.12.3.rel1.win32_1.0.100.202403111256/tools/bin/../lib/gcc/arm-none-eabi/12.3.1/../../../../arm-none-eabi/lib/thumb/v7e-m+fp/hard\libc_nano.a(libc_a-mlock.o)
                0x0800238c                __malloc_lock
 .text.__malloc_unlock
                0x08002398        0xc D:/Programy/ST/STM32CubeIDE_1.14.1/STM32CubeIDE/plugins/com.st.stm32cube.ide.mcu.externaltools.gnu-tools-for-stm32.12.3.rel1.win32_1.0.100.202403111256/tools/bin/../lib/gcc/arm-none-eabi/12.3.1/../../../../arm-none-eabi/lib/thumb/v7e-m+fp/hard\libc_nano.a(libc_a-mlock.o)
                0x08002398                __malloc_unlock
 .text.memset   0x080023a4       0x10 D:/Programy/ST/STM32CubeIDE_1.14.1/STM32CubeIDE/plugins/com.st.stm32cube.ide.mcu.externaltools.gnu-tools-for-stm32.12.3.rel1.win32_1.0.100.202403111256/tools/bin/../lib/gcc/arm-none-eabi/12.3.1/../../../../arm-none-eabi/lib/thumb/v7e-m+fp/hard\libc_nano.a(libc_a-memset.o)
                0x080023a4                memset
 .text._sbrk_r  0x080023b4       0x20 D:/Programy/ST/STM32CubeIDE_1.14.1/STM32CubeIDE/plugins/com.st.stm32cube.ide.mcu.externaltools.gnu-tools-for-stm32.12.3.rel1.win32_1.0.100.202403111256/tools/bin/../lib/gcc/arm-none-eabi/12.3.1/../../../../arm-none-eabi/lib/thumb/v7e-m+fp/hard\libc_nano.a(libc_a-sbrkr.o)
                0x080023b4                _sbrk_r
 .text.__errno  0x080023d4        0xc D:/Programy/ST/STM32CubeIDE_1.14.1/STM32CubeIDE/plugins/com.st.stm32cube.ide.mcu.externaltools.gnu-tools-for-stm32.12.3.rel1.win32_1.0.100.202403111256/tools/bin/../lib/gcc/arm-none-eabi/12.3.1/../../../../arm-none-eabi/lib/thumb/v7e-m+fp/hard\libc_nano.a(libc_a-errno.o)
                0x080023d4                __errno
 .text.__libc_init_array
                0x080023e0       0x48 D:/Programy/ST/STM32CubeIDE_1.14.1/STM32CubeIDE/plugins/com.st.stm32cube.ide.mcu.externaltools.gnu-tools-for-stm32.12.3.rel1.win32_1.0.100.202403111256/tools/bin/../lib/gcc/arm-none-eabi/12.3.1/../../../../arm-none-eabi/lib/thumb/v7e-m+fp/hard\libc_nano.a(libc_a-init.o)
                0x080023e0                __libc_init_array
 .text.__retarget_lock_acquire_recursive
                0x08002428        0x2 D:/Programy/ST/STM32CubeIDE_1.14.1/STM32CubeIDE/plugins/com.st.stm32cube.ide.mcu.externaltools.gnu-tools-for-stm32.12.3.rel1.win32_1.0.100.202403111256/tools/bin/../lib/gcc/arm-none-eabi/12.3.1/../../../../arm-none-eabi/lib/thumb/v7e-m+fp/hard\libc_nano.a(libc_a-lock.o)
                0x08002428                __retarget_lock_acquire_recursive
 .text.__retarget_lock_release_recursive
                0x0800242a        0x2 D:/Programy/ST/STM32CubeIDE_1.14.1/STM32CubeIDE/plugins/com.st.stm32cube.ide.mcu.externaltools.gnu-tools-for-stm32.12.3.rel1.win32_1.0.100.202403111256/tools/bin/../lib/gcc/arm-none-eabi/12.3.1/../../../../arm-none-eabi/lib/thumb/v7e-m+fp/hard\libc_nano.a(libc_a-lock.o)
                0x0800242a                __retarget_lock_release_recursive
 .text._free_r  0x0800242c       0x94 D:/Programy/ST/STM32CubeIDE_1.14.1/STM32CubeIDE/plugins/com.st.stm32cube.ide.mcu.externaltools.gnu-tools-for-stm32.12.3.rel1.win32_1.0.100.202403111256/tools/bin/../lib/gcc/arm-none-eabi/12.3.1/../../../../arm-none-eabi/lib/thumb/v7e-m+fp/hard\libc_nano.a(libc_a-freer.o)
                0x0800242c                _free_r
 *(.glue_7)
 .glue_7        0x080024c0        0x0 linker stubs
 *(.glue_7t)
 .glue_7t       0x080024c0        0x0 linker stubs
 *(.eh_frame)
 .eh_frame      0x080024c0        0x0 D:/Programy/ST/STM32CubeIDE_1.14.1/STM32CubeIDE/plugins/com.st.stm32cube.ide.mcu.externaltools.gnu-tools-for-stm32.12.3.rel1.win32_1.0.100.202403111256/tools/bin/../lib/gcc/arm-none-eabi/12.3.1/thumb/v7e-m+fp/hard/crtbegin.o
 *(.init)
 .init          0x080024c0        0x4 D:/Programy/ST/STM32CubeIDE_1.14.1/STM32CubeIDE/plugins/com.st.stm32cube.ide.mcu.externaltools.gnu-tools-for-stm32.12.3.rel1.win32_1.0.100.202403111256/tools/bin/../lib/gcc/arm-none-eabi/12.3.1/thumb/v7e-m+fp/hard/crti.o
                0x080024c0                _init
 .init          0x080024c4        0x8 D:/Programy/ST/STM32CubeIDE_1.14.1/STM32CubeIDE/plugins/com.st.stm32cube.ide.mcu.externaltools.gnu-tools-for-stm32.12.3.rel1.win32_1.0.100.202403111256/tools/bin/../lib/gcc/arm-none-eabi/12.3.1/thumb/v7e-m+fp/hard/crtn.o
 *(.fini)
 .fini          0x080024cc        0x4 D:/Programy/ST/STM32CubeIDE_1.14.1/STM32CubeIDE/plugins/com.st.stm32cube.ide.mcu.externaltools.gnu-tools-for-stm32.12.3.rel1.win32_1.0.100.202403111256/tools/bin/../lib/gcc/arm-none-eabi/12.3.1/thumb/v7e-m+fp/hard/crti.o
                0x080024cc                _fini
 .fini          0x080024d0        0x8 D:/Programy/ST/STM32CubeIDE_1.14.1/STM32CubeIDE/plugins/com.st.stm32cube.ide.mcu.externaltools.gnu-tools-for-stm32.12.3.rel1.win32_1.0.100.202403111256/tools/bin/../lib/gcc/arm-none-eabi/12.3.1/thumb/v7e-m+fp/hard/crtn.o
                0x080024d8                        . = ALIGN (0x4)
                0x080024d8                        _etext = .

.vfp11_veneer   0x080024d8        0x0
 .vfp11_veneer  0x080024d8        0x0 linker stubs

.v4_bx          0x080024d8        0x0
 .v4_bx         0x080024d8        0x0 linker stubs

.iplt           0x080024d8        0x0
 .iplt          0x080024d8        0x0 D:/Programy/ST/STM32CubeIDE_1.14.1/STM32CubeIDE/plugins/com.st.stm32cube.ide.mcu.externaltools.gnu-tools-for-stm32.12.3.rel1.win32_1.0.100.202403111256/tools/bin/../lib/gcc/arm-none-eabi/12.3.1/thumb/v7e-m+fp/hard/crtbegin.o

.rodata         0x080024d8       0x88
                0x080024d8                        . = ALIGN (0x4)
 *(.rodata)
 .rodata        0x080024d8        0x5 ./FreeRTOS/tasks.o
 *(.rodata*)
 *fill*         0x080024dd        0x3 
 .rodata.AHBPrescTable
                0x080024e0       0x40 ./Src/system_stm32wbxx.o
                0x080024e0                AHBPrescTable
 .rodata.MSIRangeTable
                0x08002520       0x40 ./Src/system_stm32wbxx.o
                0x08002520                MSIRangeTable
                0x08002560                        . = ALIGN (0x4)

.rel.dyn        0x08002560        0x0
 .rel.iplt      0x08002560        0x0 D:/Programy/ST/STM32CubeIDE_1.14.1/STM32CubeIDE/plugins/com.st.stm32cube.ide.mcu.externaltools.gnu-tools-for-stm32.12.3.rel1.win32_1.0.100.202403111256/tools/bin/../lib/gcc/arm-none-eabi/12.3.1/thumb/v7e-m+fp/hard/crtbegin.o

.ARM.extab
 *(.ARM.extab* .gnu.linkonce.armextab.*)

.ARM            0x08002560        0x0
                0x08002560                        __exidx_start = .
 *(.ARM.exidx*)
                0x08002560                        __exidx_end = .

.preinit_array  0x08002560        0x0
                0x08002560                        PROVIDE (__preinit_array_start = .)
 *(.preinit_array*)
                0x08002560                        PROVIDE (__preinit_array_end = .)

.init_array     0x08002560        0x4
                0x08002560                        PROVIDE (__init_array_start = .)
 *(SORT_BY_NAME(.init_array.*))
 *(.init_array*)
 .init_array    0x08002560        0x4 D:/Programy/ST/STM32CubeIDE_1.14.1/STM32CubeIDE/plugins/com.st.stm32cube.ide.mcu.externaltools.gnu-tools-for-stm32.12.3.rel1.win32_1.0.100.202403111256/tools/bin/../lib/gcc/arm-none-eabi/12.3.1/thumb/v7e-m+fp/hard/crtbegin.o
                0x08002564                        PROVIDE (__init_array_end = .)

.fini_array     0x08002564        0x4
                [!provide]                        PROVIDE (__fini_array_start = .)
 *(SORT_BY_NAME(.fini_array.*))
 *(.fini_array*)
 .fini_array    0x08002564        0x4 D:/Programy/ST/STM32CubeIDE_1.14.1/STM32CubeIDE/plugins/com.st.stm32cube.ide.mcu.externaltools.gnu-tools-for-stm32.12.3.rel1.win32_1.0.100.202403111256/tools/bin/../lib/gcc/arm-none-eabi/12.3.1/thumb/v7e-m+fp/hard/crtbegin.o
                [!provide]                        PROVIDE (__fini_array_end = .)
                0x08002568                        _sidata = LOADADDR (.data)

.data           0x20000008       0x5c load address 0x08002568
                0x20000008                        . = ALIGN (0x4)
                0x20000008                        _sdata = .
 *(.data)
 *(.data*)
 .data.uxCriticalNesting
                0x20000008        0x4 ./FreeRTOS/port.o
 .data.uxTopUsedPriority
                0x2000000c        0x4 ./FreeRTOS/tasks.o
 .data.SystemCoreClock
                0x20000010        0x4 ./Src/system_stm32wbxx.o
                0x20000010                SystemCoreClock
 .data._impure_ptr
                0x20000014        0x4 D:/Programy/ST/STM32CubeIDE_1.14.1/STM32CubeIDE/plugins/com.st.stm32cube.ide.mcu.externaltools.gnu-tools-for-stm32.12.3.rel1.win32_1.0.100.202403111256/tools/bin/../lib/gcc/arm-none-eabi/12.3.1/../../../../arm-none-eabi/lib/thumb/v7e-m+fp/hard\libc_nano.a(libc_a-impure.o)
                0x20000014                _impure_ptr
 .data._impure_data
                0x20000018       0x4c D:/Programy/ST/STM32CubeIDE_1.14.1/STM32CubeIDE/plugins/com.st.stm32cube.ide.mcu.externaltools.gnu-tools-for-stm32.12.3.rel1.win32_1.0.100.202403111256/tools/bin/../lib/gcc/arm-none-eabi/12.3.1/../../../../arm-none-eabi/lib/thumb/v7e-m+fp/hard\libc_nano.a(libc_a-impure.o)
                0x20000018                _impure_data
 *(.RamFunc)
 *(.RamFunc*)
                0x20000064                        . = ALIGN (0x4)
                0x20000064                        _edata = .

.igot.plt       0x20000064        0x0 load address 0x080025c4
 .igot.plt      0x20000064        0x0 D:/Programy/ST/STM32CubeIDE_1.14.1/STM32CubeIDE/plugins/com.st.stm32cube.ide.mcu.externaltools.gnu-tools-for-stm32.12.3.rel1.win32_1.0.100.202403111256/tools/bin/../lib/gcc/arm-none-eabi/12.3.1/thumb/v7e-m+fp/hard/crtbegin.o
                0x20000064                        . = ALIGN (0x4)

.bss            0x20000064      0x2d0 load address 0x080025c4
                0x20000064                        _sbss = .
                0x20000064                        __bss_start__ = _sbss
 *(.bss)
 .bss           0x20000064       0x1c D:/Programy/ST/STM32CubeIDE_1.14.1/STM32CubeIDE/plugins/com.st.stm32cube.ide.mcu.externaltools.gnu-tools-for-stm32.12.3.rel1.win32_1.0.100.202403111256/tools/bin/../lib/gcc/arm-none-eabi/12.3.1/thumb/v7e-m+fp/hard/crtbegin.o
 *(.bss*)
 .bss.ucMaxSysCallPriority
                0x20000080        0x1 ./FreeRTOS/port.o
 *fill*         0x20000081        0x3 
 .bss.ulMaxPRIGROUPValue
                0x20000084        0x4 ./FreeRTOS/port.o
 .bss.pxCurrentTCB
                0x20000088        0x4 ./FreeRTOS/tasks.o
                0x20000088                pxCurrentTCB
 .bss.pxReadyTasksLists
                0x2000008c       0xa0 ./FreeRTOS/tasks.o
 .bss.xDelayedTaskList1
                0x2000012c       0x14 ./FreeRTOS/tasks.o
 .bss.xDelayedTaskList2
                0x20000140       0x14 ./FreeRTOS/tasks.o
 .bss.pxDelayedTaskList
                0x20000154        0x4 ./FreeRTOS/tasks.o
 .bss.pxOverflowDelayedTaskList
                0x20000158        0x4 ./FreeRTOS/tasks.o
 .bss.xPendingReadyList
                0x2000015c       0x14 ./FreeRTOS/tasks.o
 .bss.xTasksWaitingTermination
                0x20000170       0x14 ./FreeRTOS/tasks.o
 .bss.uxDeletedTasksWaitingCleanUp
                0x20000184        0x4 ./FreeRTOS/tasks.o
 .bss.uxCurrentNumberOfTasks
                0x20000188        0x4 ./FreeRTOS/tasks.o
 .bss.xTickCount
                0x2000018c        0x4 ./FreeRTOS/tasks.o
 .bss.uxTopReadyPriority
                0x20000190        0x4 ./FreeRTOS/tasks.o
 .bss.xSchedulerRunning
                0x20000194        0x4 ./FreeRTOS/tasks.o
 .bss.xPendedTicks
                0x20000198        0x4 ./FreeRTOS/tasks.o
 .bss.xYieldPendings
                0x2000019c        0x4 ./FreeRTOS/tasks.o
 .bss.xNumOfOverflows
                0x200001a0        0x4 ./FreeRTOS/tasks.o
 .bss.uxTaskNumber
                0x200001a4        0x4 ./FreeRTOS/tasks.o
 .bss.xNextTaskUnblockTime
                0x200001a8        0x4 ./FreeRTOS/tasks.o
 .bss.xIdleTaskHandles
                0x200001ac        0x4 ./FreeRTOS/tasks.o
 .bss.uxSchedulerSuspended
                0x200001b0        0x4 ./FreeRTOS/tasks.o
 .bss.pI2CDrv   0x200001b4        0x4 ./Src/I2CDrv.o
 .bss.pMainDev  0x200001b8        0x4 ./Src/MainDev.o
 .bss.MainDevOb
                0x200001bc       0x2c ./Src/main.o
                0x200001bc                MainDevOb
 .bss.__sbrk_heap_end
                0x200001e8        0x4 ./Src/sysmem.o
 .bss.__malloc_sbrk_start
                0x200001ec        0x4 D:/Programy/ST/STM32CubeIDE_1.14.1/STM32CubeIDE/plugins/com.st.stm32cube.ide.mcu.externaltools.gnu-tools-for-stm32.12.3.rel1.win32_1.0.100.202403111256/tools/bin/../lib/gcc/arm-none-eabi/12.3.1/../../../../arm-none-eabi/lib/thumb/v7e-m+fp/hard\libc_nano.a(libc_a-mallocr.o)
                0x200001ec                __malloc_sbrk_start
 .bss.__malloc_free_list
                0x200001f0        0x4 D:/Programy/ST/STM32CubeIDE_1.14.1/STM32CubeIDE/plugins/com.st.stm32cube.ide.mcu.externaltools.gnu-tools-for-stm32.12.3.rel1.win32_1.0.100.202403111256/tools/bin/../lib/gcc/arm-none-eabi/12.3.1/../../../../arm-none-eabi/lib/thumb/v7e-m+fp/hard\libc_nano.a(libc_a-mallocr.o)
                0x200001f0                __malloc_free_list
 .bss.__sf      0x200001f4      0x138 D:/Programy/ST/STM32CubeIDE_1.14.1/STM32CubeIDE/plugins/com.st.stm32cube.ide.mcu.externaltools.gnu-tools-for-stm32.12.3.rel1.win32_1.0.100.202403111256/tools/bin/../lib/gcc/arm-none-eabi/12.3.1/../../../../arm-none-eabi/lib/thumb/v7e-m+fp/hard\libc_nano.a(libc_a-findfp.o)
                0x200001f4                __sf
 .bss.errno     0x2000032c        0x4 D:/Programy/ST/STM32CubeIDE_1.14.1/STM32CubeIDE/plugins/com.st.stm32cube.ide.mcu.externaltools.gnu-tools-for-stm32.12.3.rel1.win32_1.0.100.202403111256/tools/bin/../lib/gcc/arm-none-eabi/12.3.1/../../../../arm-none-eabi/lib/thumb/v7e-m+fp/hard\libc_nano.a(libc_a-reent.o)
                0x2000032c                errno
 .bss.__lock___malloc_recursive_mutex
                0x20000330        0x1 D:/Programy/ST/STM32CubeIDE_1.14.1/STM32CubeIDE/plugins/com.st.stm32cube.ide.mcu.externaltools.gnu-tools-for-stm32.12.3.rel1.win32_1.0.100.202403111256/tools/bin/../lib/gcc/arm-none-eabi/12.3.1/../../../../arm-none-eabi/lib/thumb/v7e-m+fp/hard\libc_nano.a(libc_a-lock.o)
                0x20000330                __lock___malloc_recursive_mutex
 *(COMMON)
                0x20000334                        . = ALIGN (0x4)
 *fill*         0x20000331        0x3 
                0x20000334                        _ebss = .
                0x20000334                        __bss_end__ = _ebss

._user_heap_stack
                0x20000334     0x1404 load address 0x080025c4
                0x20000338                        . = ALIGN (0x8)
 *fill*         0x20000334        0x4 
                [!provide]                        PROVIDE (end = .)
                0x20000338                        PROVIDE (_end = .)
                0x20000738                        . = (. + _Min_Heap_Size)
 *fill*         0x20000338      0x400 
                0x20001738                        . = (. + _Min_Stack_Size)
 *fill*         0x20000738     0x1000 
                0x20001738                        . = ALIGN (0x8)

/DISCARD/
 libc.a(*)
 libm.a(*)
 libgcc.a(*)

.ARM.attributes
                0x00000000       0x30
 *(.ARM.attributes)
 .ARM.attributes
                0x00000000       0x22 D:/Programy/ST/STM32CubeIDE_1.14.1/STM32CubeIDE/plugins/com.st.stm32cube.ide.mcu.externaltools.gnu-tools-for-stm32.12.3.rel1.win32_1.0.100.202403111256/tools/bin/../lib/gcc/arm-none-eabi/12.3.1/thumb/v7e-m+fp/hard/crti.o
 .ARM.attributes
                0x00000022       0x34 D:/Programy/ST/STM32CubeIDE_1.14.1/STM32CubeIDE/plugins/com.st.stm32cube.ide.mcu.externaltools.gnu-tools-for-stm32.12.3.rel1.win32_1.0.100.202403111256/tools/bin/../lib/gcc/arm-none-eabi/12.3.1/thumb/v7e-m+fp/hard/crtbegin.o
 .ARM.attributes
                0x00000056       0x34 ./Drivers/STM32WBxx_LL_Driver/stm32wbxx_ll_utils.o
 .ARM.attributes
                0x0000008a       0x34 ./FreeRTOS/heap_3.o
 .ARM.attributes
                0x000000be       0x34 ./FreeRTOS/list.o
 .ARM.attributes
                0x000000f2       0x34 ./FreeRTOS/port.o
 .ARM.attributes
                0x00000126       0x34 ./FreeRTOS/queue.o
 .ARM.attributes
                0x0000015a       0x34 ./FreeRTOS/tasks.o
 .ARM.attributes
                0x0000018e       0x34 ./Src/I2CDrv.o
 .ARM.attributes
                0x000001c2       0x34 ./Src/MainDev.o
 .ARM.attributes
                0x000001f6       0x34 ./Src/main.o
 .ARM.attributes
                0x0000022a       0x34 ./Src/stm32wbxx_it.o
 .ARM.attributes
                0x0000025e       0x34 ./Src/sysmem.o
 .ARM.attributes
                0x00000292       0x34 ./Src/system_stm32wbxx.o
 .ARM.attributes
                0x000002c6       0x21 ./Startup/startup_stm32wb15ccux.o
 .ARM.attributes
                0x000002e7       0x34 D:/Programy/ST/STM32CubeIDE_1.14.1/STM32CubeIDE/plugins/com.st.stm32cube.ide.mcu.externaltools.gnu-tools-for-stm32.12.3.rel1.win32_1.0.100.202403111256/tools/bin/../lib/gcc/arm-none-eabi/12.3.1/../../../../arm-none-eabi/lib/thumb/v7e-m+fp/hard\libc_nano.a(libc_a-malloc.o)
 .ARM.attributes
                0x0000031b       0x34 D:/Programy/ST/STM32CubeIDE_1.14.1/STM32CubeIDE/plugins/com.st.stm32cube.ide.mcu.externaltools.gnu-tools-for-stm32.12.3.rel1.win32_1.0.100.202403111256/tools/bin/../lib/gcc/arm-none-eabi/12.3.1/../../../../arm-none-eabi/lib/thumb/v7e-m+fp/hard\libc_nano.a(libc_a-mallocr.o)
 .ARM.attributes
                0x0000034f       0x34 D:/Programy/ST/STM32CubeIDE_1.14.1/STM32CubeIDE/plugins/com.st.stm32cube.ide.mcu.externaltools.gnu-tools-for-stm32.12.3.rel1.win32_1.0.100.202403111256/tools/bin/../lib/gcc/arm-none-eabi/12.3.1/../../../../arm-none-eabi/lib/thumb/v7e-m+fp/hard\libc_nano.a(libc_a-mlock.o)
 .ARM.attributes
                0x00000383       0x34 D:/Programy/ST/STM32CubeIDE_1.14.1/STM32CubeIDE/plugins/com.st.stm32cube.ide.mcu.externaltools.gnu-tools-for-stm32.12.3.rel1.win32_1.0.100.202403111256/tools/bin/../lib/gcc/arm-none-eabi/12.3.1/../../../../arm-none-eabi/lib/thumb/v7e-m+fp/hard\libc_nano.a(libc_a-findfp.o)
 .ARM.attributes
                0x000003b7       0x34 D:/Programy/ST/STM32CubeIDE_1.14.1/STM32CubeIDE/plugins/com.st.stm32cube.ide.mcu.externaltools.gnu-tools-for-stm32.12.3.rel1.win32_1.0.100.202403111256/tools/bin/../lib/gcc/arm-none-eabi/12.3.1/../../../../arm-none-eabi/lib/thumb/v7e-m+fp/hard\libc_nano.a(libc_a-memset.o)
 .ARM.attributes
                0x000003eb       0x34 D:/Programy/ST/STM32CubeIDE_1.14.1/STM32CubeIDE/plugins/com.st.stm32cube.ide.mcu.externaltools.gnu-tools-for-stm32.12.3.rel1.win32_1.0.100.202403111256/tools/bin/../lib/gcc/arm-none-eabi/12.3.1/../../../../arm-none-eabi/lib/thumb/v7e-m+fp/hard\libc_nano.a(libc_a-reent.o)
 .ARM.attributes
                0x0000041f       0x34 D:/Programy/ST/STM32CubeIDE_1.14.1/STM32CubeIDE/plugins/com.st.stm32cube.ide.mcu.externaltools.gnu-tools-for-stm32.12.3.rel1.win32_1.0.100.202403111256/tools/bin/../lib/gcc/arm-none-eabi/12.3.1/../../../../arm-none-eabi/lib/thumb/v7e-m+fp/hard\libc_nano.a(libc_a-impure.o)
 .ARM.attributes
                0x00000453       0x34 D:/Programy/ST/STM32CubeIDE_1.14.1/STM32CubeIDE/plugins/com.st.stm32cube.ide.mcu.externaltools.gnu-tools-for-stm32.12.3.rel1.win32_1.0.100.202403111256/tools/bin/../lib/gcc/arm-none-eabi/12.3.1/../../../../arm-none-eabi/lib/thumb/v7e-m+fp/hard\libc_nano.a(libc_a-sbrkr.o)
 .ARM.attributes
                0x00000487       0x34 D:/Programy/ST/STM32CubeIDE_1.14.1/STM32CubeIDE/plugins/com.st.stm32cube.ide.mcu.externaltools.gnu-tools-for-stm32.12.3.rel1.win32_1.0.100.202403111256/tools/bin/../lib/gcc/arm-none-eabi/12.3.1/../../../../arm-none-eabi/lib/thumb/v7e-m+fp/hard\libc_nano.a(libc_a-errno.o)
 .ARM.attributes
                0x000004bb       0x34 D:/Programy/ST/STM32CubeIDE_1.14.1/STM32CubeIDE/plugins/com.st.stm32cube.ide.mcu.externaltools.gnu-tools-for-stm32.12.3.rel1.win32_1.0.100.202403111256/tools/bin/../lib/gcc/arm-none-eabi/12.3.1/../../../../arm-none-eabi/lib/thumb/v7e-m+fp/hard\libc_nano.a(libc_a-init.o)
 .ARM.attributes
                0x000004ef       0x34 D:/Programy/ST/STM32CubeIDE_1.14.1/STM32CubeIDE/plugins/com.st.stm32cube.ide.mcu.externaltools.gnu-tools-for-stm32.12.3.rel1.win32_1.0.100.202403111256/tools/bin/../lib/gcc/arm-none-eabi/12.3.1/../../../../arm-none-eabi/lib/thumb/v7e-m+fp/hard\libc_nano.a(libc_a-lock.o)
 .ARM.attributes
                0x00000523       0x34 D:/Programy/ST/STM32CubeIDE_1.14.1/STM32CubeIDE/plugins/com.st.stm32cube.ide.mcu.externaltools.gnu-tools-for-stm32.12.3.rel1.win32_1.0.100.202403111256/tools/bin/../lib/gcc/arm-none-eabi/12.3.1/../../../../arm-none-eabi/lib/thumb/v7e-m+fp/hard\libc_nano.a(libc_a-freer.o)
 .ARM.attributes
                0x00000557       0x22 D:/Programy/ST/STM32CubeIDE_1.14.1/STM32CubeIDE/plugins/com.st.stm32cube.ide.mcu.externaltools.gnu-tools-for-stm32.12.3.rel1.win32_1.0.100.202403111256/tools/bin/../lib/gcc/arm-none-eabi/12.3.1/thumb/v7e-m+fp/hard/crtn.o

MAPPING_TABLE
 *(MAPPING_TABLE)

MB_MEM1
 *(MB_MEM1)
                0x080025c4                        _siMB_MEM2 = LOADADDR (.MB_MEM2)

.MB_MEM2        0x20030000        0x0 load address 0x080025c4
                0x20030000                        _sMB_MEM2 = .
 *(MB_MEM2)
                0x20030000                        _eMB_MEM2 = .
OUTPUT(P2.elf elf32-littlearm)
LOAD linker stubs
LOAD D:/Programy/ST/STM32CubeIDE_1.14.1/STM32CubeIDE/plugins/com.st.stm32cube.ide.mcu.externaltools.gnu-tools-for-stm32.12.3.rel1.win32_1.0.100.202403111256/tools/bin/../lib/gcc/arm-none-eabi/12.3.1/../../../../arm-none-eabi/lib/thumb/v7e-m+fp/hard\libc.a
LOAD D:/Programy/ST/STM32CubeIDE_1.14.1/STM32CubeIDE/plugins/com.st.stm32cube.ide.mcu.externaltools.gnu-tools-for-stm32.12.3.rel1.win32_1.0.100.202403111256/tools/bin/../lib/gcc/arm-none-eabi/12.3.1/../../../../arm-none-eabi/lib/thumb/v7e-m+fp/hard\libm.a
LOAD D:/Programy/ST/STM32CubeIDE_1.14.1/STM32CubeIDE/plugins/com.st.stm32cube.ide.mcu.externaltools.gnu-tools-for-stm32.12.3.rel1.win32_1.0.100.202403111256/tools/bin/../lib/gcc/arm-none-eabi/12.3.1/thumb/v7e-m+fp/hard\libgcc.a

.debug_info     0x00000000     0x8b8b
 .debug_info    0x00000000      0xd1c ./Drivers/STM32WBxx_LL_Driver/stm32wbxx_ll_utils.o
 .debug_info    0x00000d1c      0x1b7 ./FreeRTOS/heap_3.o
 .debug_info    0x00000ed3      0x301 ./FreeRTOS/list.o
 .debug_info    0x000011d4      0x5ca ./FreeRTOS/port.o
 .debug_info    0x0000179e     0x1803 ./FreeRTOS/queue.o
 .debug_info    0x00002fa1     0x2169 ./FreeRTOS/tasks.o
 .debug_info    0x0000510a     0x1c6b ./Src/I2CDrv.o
 .debug_info    0x00006d75      0xaa0 ./Src/MainDev.o
 .debug_info    0x00007815      0xa25 ./Src/main.o
 .debug_info    0x0000823a       0xbb ./Src/stm32wbxx_it.o
 .debug_info    0x000082f5      0x168 ./Src/sysmem.o
 .debug_info    0x0000845d      0x6fe ./Src/system_stm32wbxx.o
 .debug_info    0x00008b5b       0x30 ./Startup/startup_stm32wb15ccux.o

.debug_abbrev   0x00000000     0x1a76
 .debug_abbrev  0x00000000      0x266 ./Drivers/STM32WBxx_LL_Driver/stm32wbxx_ll_utils.o
 .debug_abbrev  0x00000266      0x18b ./FreeRTOS/heap_3.o
 .debug_abbrev  0x000003f1      0x133 ./FreeRTOS/list.o
 .debug_abbrev  0x00000524      0x277 ./FreeRTOS/port.o
 .debug_abbrev  0x0000079b      0x362 ./FreeRTOS/queue.o
 .debug_abbrev  0x00000afd      0x3c7 ./FreeRTOS/tasks.o
 .debug_abbrev  0x00000ec4      0x419 ./Src/I2CDrv.o
 .debug_abbrev  0x000012dd      0x290 ./Src/MainDev.o
 .debug_abbrev  0x0000156d      0x2bd ./Src/main.o
 .debug_abbrev  0x0000182a       0x31 ./Src/stm32wbxx_it.o
 .debug_abbrev  0x0000185b       0xbc ./Src/sysmem.o
 .debug_abbrev  0x00001917      0x13b ./Src/system_stm32wbxx.o
 .debug_abbrev  0x00001a52       0x24 ./Startup/startup_stm32wb15ccux.o

.debug_aranges  0x00000000      0x980
 .debug_aranges
                0x00000000      0x120 ./Drivers/STM32WBxx_LL_Driver/stm32wbxx_ll_utils.o
 .debug_aranges
                0x00000120       0x38 ./FreeRTOS/heap_3.o
 .debug_aranges
                0x00000158       0x48 ./FreeRTOS/list.o
 .debug_aranges
                0x000001a0       0x88 ./FreeRTOS/port.o
 .debug_aranges
                0x00000228      0x140 ./FreeRTOS/queue.o
 .debug_aranges
                0x00000368      0x1d0 ./FreeRTOS/tasks.o
 .debug_aranges
                0x00000538      0x218 ./Src/I2CDrv.o
 .debug_aranges
                0x00000750       0x78 ./Src/MainDev.o
 .debug_aranges
                0x000007c8       0xe0 ./Src/main.o
 .debug_aranges
                0x000008a8       0x60 ./Src/stm32wbxx_it.o
 .debug_aranges
                0x00000908       0x20 ./Src/sysmem.o
 .debug_aranges
                0x00000928       0x28 ./Src/system_stm32wbxx.o
 .debug_aranges
                0x00000950       0x30 ./Startup/startup_stm32wb15ccux.o

.debug_rnglists
                0x00000000      0x713
 .debug_rnglists
                0x00000000       0xd8 ./Drivers/STM32WBxx_LL_Driver/stm32wbxx_ll_utils.o
 .debug_rnglists
                0x000000d8       0x25 ./FreeRTOS/heap_3.o
 .debug_rnglists
                0x000000fd       0x31 ./FreeRTOS/list.o
 .debug_rnglists
                0x0000012e       0x63 ./FreeRTOS/port.o
 .debug_rnglists
                0x00000191       0xf8 ./FreeRTOS/queue.o
 .debug_rnglists
                0x00000289      0x16f ./FreeRTOS/tasks.o
 .debug_rnglists
                0x000003f8      0x192 ./Src/I2CDrv.o
 .debug_rnglists
                0x0000058a       0x55 ./Src/MainDev.o
 .debug_rnglists
                0x000005df       0xa4 ./Src/main.o
 .debug_rnglists
                0x00000683       0x43 ./Src/stm32wbxx_it.o
 .debug_rnglists
                0x000006c6       0x13 ./Src/sysmem.o
 .debug_rnglists
                0x000006d9       0x1b ./Src/system_stm32wbxx.o
 .debug_rnglists
                0x000006f4       0x1f ./Startup/startup_stm32wb15ccux.o

.debug_macro    0x00000000     0x5201
 .debug_macro   0x00000000      0x163 ./Drivers/STM32WBxx_LL_Driver/stm32wbxx_ll_utils.o
 .debug_macro   0x00000163       0x3f ./Drivers/STM32WBxx_LL_Driver/stm32wbxx_ll_utils.o
 .debug_macro   0x000001a2      0x3ed ./Drivers/STM32WBxx_LL_Driver/stm32wbxx_ll_utils.o
 .debug_macro   0x0000058f      0x304 ./Drivers/STM32WBxx_LL_Driver/stm32wbxx_ll_utils.o
 .debug_macro   0x00000893      0x1bb ./FreeRTOS/heap_3.o
 .debug_macro   0x00000a4e       0x2a ./FreeRTOS/heap_3.o
 .debug_macro   0x00000a78       0x5b ./FreeRTOS/heap_3.o
 .debug_macro   0x00000ad3       0x94 ./FreeRTOS/heap_3.o
 .debug_macro   0x00000b67       0x43 ./FreeRTOS/heap_3.o
 .debug_macro   0x00000baa       0x34 ./FreeRTOS/heap_3.o
 .debug_macro   0x00000bde       0x16 ./FreeRTOS/heap_3.o
 .debug_macro   0x00000bf4      0x11c ./FreeRTOS/heap_3.o
 .debug_macro   0x00000d10       0x94 ./FreeRTOS/heap_3.o
 .debug_macro   0x00000da4       0x16 ./FreeRTOS/heap_3.o
 .debug_macro   0x00000dba       0x43 ./FreeRTOS/heap_3.o
 .debug_macro   0x00000dfd       0x57 ./FreeRTOS/heap_3.o
 .debug_macro   0x00000e54       0x34 ./FreeRTOS/heap_3.o
 .debug_macro   0x00000e88       0x10 ./FreeRTOS/heap_3.o
 .debug_macro   0x00000e98       0x58 ./FreeRTOS/heap_3.o
 .debug_macro   0x00000ef0       0x8e ./FreeRTOS/heap_3.o
 .debug_macro   0x00000f7e       0x1c ./FreeRTOS/heap_3.o
 .debug_macro   0x00000f9a      0x177 ./FreeRTOS/heap_3.o
 .debug_macro   0x00001111      0x369 ./FreeRTOS/heap_3.o
 .debug_macro   0x0000147a       0x16 ./FreeRTOS/heap_3.o
 .debug_macro   0x00001490       0x29 ./FreeRTOS/heap_3.o
 .debug_macro   0x000014b9       0x16 ./FreeRTOS/heap_3.o
 .debug_macro   0x000014cf      0x158 ./FreeRTOS/heap_3.o
 .debug_macro   0x00001627       0xe9 ./FreeRTOS/heap_3.o
 .debug_macro   0x00001710       0x1c ./FreeRTOS/heap_3.o
 .debug_macro   0x0000172c      0x182 ./FreeRTOS/heap_3.o
 .debug_macro   0x000018ae       0xee ./FreeRTOS/heap_3.o
 .debug_macro   0x0000199c       0x2e ./FreeRTOS/heap_3.o
 .debug_macro   0x000019ca       0x1f ./FreeRTOS/heap_3.o
 .debug_macro   0x000019e9       0x12 ./FreeRTOS/heap_3.o
 .debug_macro   0x000019fb     0x10a2 ./FreeRTOS/heap_3.o
 .debug_macro   0x00002a9d       0xc3 ./FreeRTOS/heap_3.o
 .debug_macro   0x00002b60      0x14f ./FreeRTOS/heap_3.o
 .debug_macro   0x00002caf      0x1ac ./FreeRTOS/list.o
 .debug_macro   0x00002e5b      0x1d9 ./FreeRTOS/port.o
 .debug_macro   0x00003034      0x189 ./FreeRTOS/port.o
 .debug_macro   0x000031bd      0x243 ./FreeRTOS/queue.o
 .debug_macro   0x00003400       0x16 ./FreeRTOS/queue.o
 .debug_macro   0x00003416       0x35 ./FreeRTOS/queue.o
 .debug_macro   0x0000344b       0x20 ./FreeRTOS/queue.o
 .debug_macro   0x0000346b       0x80 ./FreeRTOS/queue.o
 .debug_macro   0x000034eb      0x2c9 ./FreeRTOS/tasks.o
 .debug_macro   0x000037b4       0x98 ./FreeRTOS/tasks.o
 .debug_macro   0x0000384c       0x16 ./FreeRTOS/tasks.o
 .debug_macro   0x00003862      0x2d0 ./Src/I2CDrv.o
 .debug_macro   0x00003b32      0x1b0 ./Src/I2CDrv.o
 .debug_macro   0x00003ce2      0x14d ./Src/I2CDrv.o
 .debug_macro   0x00003e2f      0x24d ./Src/I2CDrv.o
 .debug_macro   0x0000407c      0x331 ./Src/I2CDrv.o
 .debug_macro   0x000043ad      0x28d ./Src/I2CDrv.o
 .debug_macro   0x0000463a       0x61 ./Src/I2CDrv.o
 .debug_macro   0x0000469b       0x7c ./Src/I2CDrv.o
 .debug_macro   0x00004717       0x17 ./Src/I2CDrv.o
 .debug_macro   0x0000472e      0x118 ./Src/I2CDrv.o
 .debug_macro   0x00004846       0x10 ./Src/I2CDrv.o
 .debug_macro   0x00004856      0x158 ./Src/I2CDrv.o
 .debug_macro   0x000049ae       0x77 ./Src/I2CDrv.o
 .debug_macro   0x00004a25      0x1a0 ./Src/MainDev.o
 .debug_macro   0x00004bc5      0x1a9 ./Src/main.o
 .debug_macro   0x00004d6e       0x45 ./Src/main.o
 .debug_macro   0x00004db3       0x1b ./Src/stm32wbxx_it.o
 .debug_macro   0x00004dce       0xff ./Src/sysmem.o
 .debug_macro   0x00004ecd      0x23c ./Src/sysmem.o
 .debug_macro   0x00005109       0xf8 ./Src/system_stm32wbxx.o

.debug_line     0x00000000     0x8efc
 .debug_line    0x00000000      0xb8d ./Drivers/STM32WBxx_LL_Driver/stm32wbxx_ll_utils.o
 .debug_line    0x00000b8d      0x857 ./FreeRTOS/heap_3.o
 .debug_line    0x000013e4      0x8fd ./FreeRTOS/list.o
 .debug_line    0x00001ce1      0x94c ./FreeRTOS/port.o
 .debug_line    0x0000262d     0x1748 ./FreeRTOS/queue.o
 .debug_line    0x00003d75     0x1c96 ./FreeRTOS/tasks.o
 .debug_line    0x00005a0b     0x1470 ./Src/I2CDrv.o
 .debug_line    0x00006e7b      0x8db ./Src/MainDev.o
 .debug_line    0x00007756      0x9e3 ./Src/main.o
 .debug_line    0x00008139      0x113 ./Src/stm32wbxx_it.o
 .debug_line    0x0000824c      0x667 ./Src/sysmem.o
 .debug_line    0x000088b3      0x5c6 ./Src/system_stm32wbxx.o
 .debug_line    0x00008e79       0x83 ./Startup/startup_stm32wb15ccux.o

.debug_str      0x00000000    0x800c2
 .debug_str     0x00000000    0x67697 ./Drivers/STM32WBxx_LL_Driver/stm32wbxx_ll_utils.o
                              0x678fc (size before relaxing)
 .debug_str     0x00067697     0xe0a6 ./FreeRTOS/heap_3.o
                              0x12719 (size before relaxing)
 .debug_str     0x0007573d      0x167 ./FreeRTOS/list.o
                              0x11339 (size before relaxing)
 .debug_str     0x000758a4      0xa0a ./FreeRTOS/port.o
                               0xfe89 (size before relaxing)
 .debug_str     0x000762ae     0x13eb ./FreeRTOS/queue.o
                              0x13c2a (size before relaxing)
 .debug_str     0x00077699     0x1fb1 ./FreeRTOS/tasks.o
                              0x14b09 (size before relaxing)
 .debug_str     0x0007964a     0x644e ./Src/I2CDrv.o
                              0x78638 (size before relaxing)
 .debug_str     0x0007fa98       0xb8 ./Src/MainDev.o
                              0x6d6e7 (size before relaxing)
 .debug_str     0x0007fb50       0x43 ./Src/main.o
                              0x716cb (size before relaxing)
 .debug_str     0x0007fb93       0x8d ./Src/stm32wbxx_it.o
                               0x2ec8 (size before relaxing)
 .debug_str     0x0007fc20      0x357 ./Src/sysmem.o
                               0x60f5 (size before relaxing)
 .debug_str     0x0007ff77      0x10c ./Src/system_stm32wbxx.o
                              0x60669 (size before relaxing)
 .debug_str     0x00080083       0x3f ./Startup/startup_stm32wb15ccux.o
                                 0x72 (size before relaxing)

.comment        0x00000000       0x43
 .comment       0x00000000       0x43 ./Drivers/STM32WBxx_LL_Driver/stm32wbxx_ll_utils.o
                                 0x44 (size before relaxing)
 .comment       0x00000043       0x44 ./FreeRTOS/heap_3.o
 .comment       0x00000043       0x44 ./FreeRTOS/list.o
 .comment       0x00000043       0x44 ./FreeRTOS/port.o
 .comment       0x00000043       0x44 ./FreeRTOS/queue.o
 .comment       0x00000043       0x44 ./FreeRTOS/tasks.o
 .comment       0x00000043       0x44 ./Src/I2CDrv.o
 .comment       0x00000043       0x44 ./Src/MainDev.o
 .comment       0x00000043       0x44 ./Src/main.o
 .comment       0x00000043       0x44 ./Src/stm32wbxx_it.o
 .comment       0x00000043       0x44 ./Src/sysmem.o
 .comment       0x00000043       0x44 ./Src/system_stm32wbxx.o

.debug_frame    0x00000000     0x29f0
 .debug_frame   0x00000000      0x4b8 ./Drivers/STM32WBxx_LL_Driver/stm32wbxx_ll_utils.o
 .debug_frame   0x000004b8       0xa0 ./FreeRTOS/heap_3.o
 .debug_frame   0x00000558      0x100 ./FreeRTOS/list.o
 .debug_frame   0x00000658      0x1d0 ./FreeRTOS/port.o
 .debug_frame   0x00000828      0x584 ./FreeRTOS/queue.o
 .debug_frame   0x00000dac      0x7fc ./FreeRTOS/tasks.o
 .debug_frame   0x000015a8      0x9a0 ./Src/I2CDrv.o
 .debug_frame   0x00001f48      0x1e0 ./Src/MainDev.o
 .debug_frame   0x00002128      0x380 ./Src/main.o
 .debug_frame   0x000024a8      0x110 ./Src/stm32wbxx_it.o
 .debug_frame   0x000025b8       0x34 ./Src/sysmem.o
 .debug_frame   0x000025ec       0x58 ./Src/system_stm32wbxx.o
 .debug_frame   0x00002644       0x30 D:/Programy/ST/STM32CubeIDE_1.14.1/STM32CubeIDE/plugins/com.st.stm32cube.ide.mcu.externaltools.gnu-tools-for-stm32.12.3.rel1.win32_1.0.100.202403111256/tools/bin/../lib/gcc/arm-none-eabi/12.3.1/../../../../arm-none-eabi/lib/thumb/v7e-m+fp/hard\libc_nano.a(libc_a-malloc.o)
 .debug_frame   0x00002674       0x50 D:/Programy/ST/STM32CubeIDE_1.14.1/STM32CubeIDE/plugins/com.st.stm32cube.ide.mcu.externaltools.gnu-tools-for-stm32.12.3.rel1.win32_1.0.100.202403111256/tools/bin/../lib/gcc/arm-none-eabi/12.3.1/../../../../arm-none-eabi/lib/thumb/v7e-m+fp/hard\libc_nano.a(libc_a-mallocr.o)
 .debug_frame   0x000026c4       0x30 D:/Programy/ST/STM32CubeIDE_1.14.1/STM32CubeIDE/plugins/com.st.stm32cube.ide.mcu.externaltools.gnu-tools-for-stm32.12.3.rel1.win32_1.0.100.202403111256/tools/bin/../lib/gcc/arm-none-eabi/12.3.1/../../../../arm-none-eabi/lib/thumb/v7e-m+fp/hard\libc_nano.a(libc_a-mlock.o)
 .debug_frame   0x000026f4      0x144 D:/Programy/ST/STM32CubeIDE_1.14.1/STM32CubeIDE/plugins/com.st.stm32cube.ide.mcu.externaltools.gnu-tools-for-stm32.12.3.rel1.win32_1.0.100.202403111256/tools/bin/../lib/gcc/arm-none-eabi/12.3.1/../../../../arm-none-eabi/lib/thumb/v7e-m+fp/hard\libc_nano.a(libc_a-findfp.o)
 .debug_frame   0x00002838       0x20 D:/Programy/ST/STM32CubeIDE_1.14.1/STM32CubeIDE/plugins/com.st.stm32cube.ide.mcu.externaltools.gnu-tools-for-stm32.12.3.rel1.win32_1.0.100.202403111256/tools/bin/../lib/gcc/arm-none-eabi/12.3.1/../../../../arm-none-eabi/lib/thumb/v7e-m+fp/hard\libc_nano.a(libc_a-memset.o)
 .debug_frame   0x00002858       0x38 D:/Programy/ST/STM32CubeIDE_1.14.1/STM32CubeIDE/plugins/com.st.stm32cube.ide.mcu.externaltools.gnu-tools-for-stm32.12.3.rel1.win32_1.0.100.202403111256/tools/bin/../lib/gcc/arm-none-eabi/12.3.1/../../../../arm-none-eabi/lib/thumb/v7e-m+fp/hard\libc_nano.a(libc_a-reent.o)
 .debug_frame   0x00002890       0x2c D:/Programy/ST/STM32CubeIDE_1.14.1/STM32CubeIDE/plugins/com.st.stm32cube.ide.mcu.externaltools.gnu-tools-for-stm32.12.3.rel1.win32_1.0.100.202403111256/tools/bin/../lib/gcc/arm-none-eabi/12.3.1/../../../../arm-none-eabi/lib/thumb/v7e-m+fp/hard\libc_nano.a(libc_a-sbrkr.o)
 .debug_frame   0x000028bc       0x20 D:/Programy/ST/STM32CubeIDE_1.14.1/STM32CubeIDE/plugins/com.st.stm32cube.ide.mcu.externaltools.gnu-tools-for-stm32.12.3.rel1.win32_1.0.100.202403111256/tools/bin/../lib/gcc/arm-none-eabi/12.3.1/../../../../arm-none-eabi/lib/thumb/v7e-m+fp/hard\libc_nano.a(libc_a-errno.o)
 .debug_frame   0x000028dc       0x2c D:/Programy/ST/STM32CubeIDE_1.14.1/STM32CubeIDE/plugins/com.st.stm32cube.ide.mcu.externaltools.gnu-tools-for-stm32.12.3.rel1.win32_1.0.100.202403111256/tools/bin/../lib/gcc/arm-none-eabi/12.3.1/../../../../arm-none-eabi/lib/thumb/v7e-m+fp/hard\libc_nano.a(libc_a-init.o)
 .debug_frame   0x00002908       0xb0 D:/Programy/ST/STM32CubeIDE_1.14.1/STM32CubeIDE/plugins/com.st.stm32cube.ide.mcu.externaltools.gnu-tools-for-stm32.12.3.rel1.win32_1.0.100.202403111256/tools/bin/../lib/gcc/arm-none-eabi/12.3.1/../../../../arm-none-eabi/lib/thumb/v7e-m+fp/hard\libc_nano.a(libc_a-lock.o)
 .debug_frame   0x000029b8       0x38 D:/Programy/ST/STM32CubeIDE_1.14.1/STM32CubeIDE/plugins/com.st.stm32cube.ide.mcu.externaltools.gnu-tools-for-stm32.12.3.rel1.win32_1.0.100.202403111256/tools/bin/../lib/gcc/arm-none-eabi/12.3.1/../../../../arm-none-eabi/lib/thumb/v7e-m+fp/hard\libc_nano.a(libc_a-freer.o)

.debug_line_str
                0x00000000       0x56
 .debug_line_str
                0x00000000       0x56 ./Startup/startup_stm32wb15ccux.o
