../Inc/FreeRTOSConfig.h:184:12:inHandlerMode	16	static,ignoring_inline_asm
D:/Studia/UIOM/uiom_2024l_jml_mk_projekty/common/FreeRTOS/FreeRTOS/Source/tasks.c:1619:20:prvCreateTask	48	static
D:/Studia/UIOM/uiom_2024l_jml_mk_projekty/common/FreeRTOS/FreeRTOS/Source/tasks.c:1717:16:xTaskCreate	40	static
D:/Studia/UIOM/uiom_2024l_jml_mk_projekty/common/FreeRTOS/FreeRTOS/Source/tasks.c:1792:13:prvInitialiseNewTask	40	static,ignoring_inline_asm
D:/Studia/UIOM/uiom_2024l_jml_mk_projekty/common/FreeRTOS/FreeRTOS/Source/tasks.c:2018:17:prvAddNewTaskToReadyList	24	static,ignoring_inline_asm
D:/Studia/UIOM/uiom_2024l_jml_mk_projekty/common/FreeRTOS/FreeRTOS/Source/tasks.c:2190:10:vTaskDelete	32	static,ignoring_inline_asm
D:/Studia/UIOM/uiom_2024l_jml_mk_projekty/common/FreeRTOS/FreeRTOS/Source/tasks.c:2434:10:vTaskDelay	24	static,ignoring_inline_asm
D:/Studia/UIOM/uiom_2024l_jml_mk_projekty/common/FreeRTOS/FreeRTOS/Source/tasks.c:2484:16:eTaskGetState	48	static,ignoring_inline_asm
D:/Studia/UIOM/uiom_2024l_jml_mk_projekty/common/FreeRTOS/FreeRTOS/Source/tasks.c:3501:19:prvCreateIdleTasks	48	static
D:/Studia/UIOM/uiom_2024l_jml_mk_projekty/common/FreeRTOS/FreeRTOS/Source/tasks.c:3655:6:vTaskStartScheduler	24	static,ignoring_inline_asm
D:/Studia/UIOM/uiom_2024l_jml_mk_projekty/common/FreeRTOS/FreeRTOS/Source/tasks.c:3758:6:vTaskEndScheduler	16	static,ignoring_inline_asm
D:/Studia/UIOM/uiom_2024l_jml_mk_projekty/common/FreeRTOS/FreeRTOS/Source/tasks.c:3801:6:vTaskSuspendAll	4	static,ignoring_inline_asm
D:/Studia/UIOM/uiom_2024l_jml_mk_projekty/common/FreeRTOS/FreeRTOS/Source/tasks.c:3946:12:xTaskResumeAll	40	static,ignoring_inline_asm
D:/Studia/UIOM/uiom_2024l_jml_mk_projekty/common/FreeRTOS/FreeRTOS/Source/tasks.c:4096:12:xTaskGetTickCount	16	static
D:/Studia/UIOM/uiom_2024l_jml_mk_projekty/common/FreeRTOS/FreeRTOS/Source/tasks.c:4115:12:xTaskGetTickCountFromISR	16	static
D:/Studia/UIOM/uiom_2024l_jml_mk_projekty/common/FreeRTOS/FreeRTOS/Source/tasks.c:4150:13:uxTaskGetNumberOfTasks	4	static
D:/Studia/UIOM/uiom_2024l_jml_mk_projekty/common/FreeRTOS/FreeRTOS/Source/tasks.c:4162:8:pcTaskGetName	24	static,ignoring_inline_asm
D:/Studia/UIOM/uiom_2024l_jml_mk_projekty/common/FreeRTOS/FreeRTOS/Source/tasks.c:4374:17:uxTaskGetSystemState	32	static
D:/Studia/UIOM/uiom_2024l_jml_mk_projekty/common/FreeRTOS/FreeRTOS/Source/tasks.c:4535:12:xTaskCatchUpTicks	24	static,ignoring_inline_asm
D:/Studia/UIOM/uiom_2024l_jml_mk_projekty/common/FreeRTOS/FreeRTOS/Source/tasks.c:4659:12:xTaskIncrementTick	48	static,ignoring_inline_asm
D:/Studia/UIOM/uiom_2024l_jml_mk_projekty/common/FreeRTOS/FreeRTOS/Source/tasks.c:5042:10:vTaskSwitchContext	32	static,ignoring_inline_asm
D:/Studia/UIOM/uiom_2024l_jml_mk_projekty/common/FreeRTOS/FreeRTOS/Source/tasks.c:5229:6:vTaskPlaceOnEventList	24	static,ignoring_inline_asm
D:/Studia/UIOM/uiom_2024l_jml_mk_projekty/common/FreeRTOS/FreeRTOS/Source/tasks.c:5258:6:vTaskPlaceOnUnorderedEventList	40	static,ignoring_inline_asm
D:/Studia/UIOM/uiom_2024l_jml_mk_projekty/common/FreeRTOS/FreeRTOS/Source/tasks.c:5327:12:xTaskRemoveFromEventList	48	static,ignoring_inline_asm
D:/Studia/UIOM/uiom_2024l_jml_mk_projekty/common/FreeRTOS/FreeRTOS/Source/tasks.c:5420:6:vTaskRemoveFromUnorderedEventList	40	static,ignoring_inline_asm
D:/Studia/UIOM/uiom_2024l_jml_mk_projekty/common/FreeRTOS/FreeRTOS/Source/tasks.c:5492:6:vTaskSetTimeOutState	24	static,ignoring_inline_asm
D:/Studia/UIOM/uiom_2024l_jml_mk_projekty/common/FreeRTOS/FreeRTOS/Source/tasks.c:5508:6:vTaskInternalSetTimeOutState	16	static
D:/Studia/UIOM/uiom_2024l_jml_mk_projekty/common/FreeRTOS/FreeRTOS/Source/tasks.c:5520:12:xTaskCheckForTimeOut	40	static,ignoring_inline_asm
D:/Studia/UIOM/uiom_2024l_jml_mk_projekty/common/FreeRTOS/FreeRTOS/Source/tasks.c:5589:6:vTaskMissedYield	4	static
D:/Studia/UIOM/uiom_2024l_jml_mk_projekty/common/FreeRTOS/FreeRTOS/Source/tasks.c:5602:17:uxTaskGetTaskNumber	24	static
D:/Studia/UIOM/uiom_2024l_jml_mk_projekty/common/FreeRTOS/FreeRTOS/Source/tasks.c:5629:10:vTaskSetTaskNumber	24	static
D:/Studia/UIOM/uiom_2024l_jml_mk_projekty/common/FreeRTOS/FreeRTOS/Source/tasks.c:5734:8:prvIdleTask	16	static,ignoring_inline_asm
D:/Studia/UIOM/uiom_2024l_jml_mk_projekty/common/FreeRTOS/FreeRTOS/Source/tasks.c:5997:13:prvInitialiseTaskLists	16	static
D:/Studia/UIOM/uiom_2024l_jml_mk_projekty/common/FreeRTOS/FreeRTOS/Source/tasks.c:6029:13:prvCheckTasksWaitingTermination	16	static
D:/Studia/UIOM/uiom_2024l_jml_mk_projekty/common/FreeRTOS/FreeRTOS/Source/tasks.c:6107:10:vTaskGetInfo	32	static
D:/Studia/UIOM/uiom_2024l_jml_mk_projekty/common/FreeRTOS/FreeRTOS/Source/tasks.c:6254:24:prvListTasksWithinSingleList	40	static
D:/Studia/UIOM/uiom_2024l_jml_mk_projekty/common/FreeRTOS/FreeRTOS/Source/tasks.c:6293:35:prvTaskCheckFreeStackSpace	24	static
D:/Studia/UIOM/uiom_2024l_jml_mk_projekty/common/FreeRTOS/FreeRTOS/Source/tasks.c:6389:17:prvDeleteTCB	16	static
D:/Studia/UIOM/uiom_2024l_jml_mk_projekty/common/FreeRTOS/FreeRTOS/Source/tasks.c:6442:13:prvResetNextTaskUnblockTime	4	static
D:/Studia/UIOM/uiom_2024l_jml_mk_projekty/common/FreeRTOS/FreeRTOS/Source/tasks.c:6466:22:xTaskGetCurrentTaskHandle	16	static
D:/Studia/UIOM/uiom_2024l_jml_mk_projekty/common/FreeRTOS/FreeRTOS/Source/tasks.c:6501:18:xTaskGetCurrentTaskHandleForCore	24	static
D:/Studia/UIOM/uiom_2024l_jml_mk_projekty/common/FreeRTOS/FreeRTOS/Source/tasks.c:6566:16:xTaskPriorityInherit	32	static
D:/Studia/UIOM/uiom_2024l_jml_mk_projekty/common/FreeRTOS/FreeRTOS/Source/tasks.c:6669:16:xTaskPriorityDisinherit	40	static,ignoring_inline_asm
D:/Studia/UIOM/uiom_2024l_jml_mk_projekty/common/FreeRTOS/FreeRTOS/Source/tasks.c:6763:10:vTaskPriorityDisinheritAfterTimeout	48	static,ignoring_inline_asm
D:/Studia/UIOM/uiom_2024l_jml_mk_projekty/common/FreeRTOS/FreeRTOS/Source/tasks.c:7555:12:uxTaskResetEventItemValue	16	static
D:/Studia/UIOM/uiom_2024l_jml_mk_projekty/common/FreeRTOS/FreeRTOS/Source/tasks.c:7575:18:pvTaskIncrementMutexHeldCount	16	static
D:/Studia/UIOM/uiom_2024l_jml_mk_projekty/common/FreeRTOS/FreeRTOS/Source/tasks.c:7600:14:ulTaskGenericNotifyTake	40	static,ignoring_inline_asm
D:/Studia/UIOM/uiom_2024l_jml_mk_projekty/common/FreeRTOS/FreeRTOS/Source/tasks.c:7703:16:xTaskGenericNotifyWait	40	static,ignoring_inline_asm
D:/Studia/UIOM/uiom_2024l_jml_mk_projekty/common/FreeRTOS/FreeRTOS/Source/tasks.c:7818:16:xTaskGenericNotify	64	static,ignoring_inline_asm
D:/Studia/UIOM/uiom_2024l_jml_mk_projekty/common/FreeRTOS/FreeRTOS/Source/tasks.c:7938:16:xTaskGenericNotifyFromISR	80	static,ignoring_inline_asm
D:/Studia/UIOM/uiom_2024l_jml_mk_projekty/common/FreeRTOS/FreeRTOS/Source/tasks.c:8101:10:vTaskGenericNotifyGiveFromISR	72	static,ignoring_inline_asm
D:/Studia/UIOM/uiom_2024l_jml_mk_projekty/common/FreeRTOS/FreeRTOS/Source/tasks.c:8214:16:xTaskGenericNotifyStateClear	32	static,ignoring_inline_asm
D:/Studia/UIOM/uiom_2024l_jml_mk_projekty/common/FreeRTOS/FreeRTOS/Source/tasks.c:8252:14:ulTaskGenericNotifyValueClear	40	static,ignoring_inline_asm
D:/Studia/UIOM/uiom_2024l_jml_mk_projekty/common/FreeRTOS/FreeRTOS/Source/tasks.c:8395:13:prvAddCurrentTaskToDelayedList	32	static
D:/Studia/UIOM/uiom_2024l_jml_mk_projekty/common/FreeRTOS/FreeRTOS/Source/tasks.c:8625:6:vTaskResetState	16	static
