../../common/STM32CubeWB/Drivers/CMSIS/Include/core_cm4.h:1679:22:__NVIC_EnableIRQ	16	static,ignoring_inline_asm
../../common/STM32CubeWB/Drivers/CMSIS/Include/core_cm4.h:1717:22:__NVIC_DisableIRQ	16	static,ignoring_inline_asm
../../common/STM32CubeWB/Drivers/CMSIS/Include/core_cm4.h:1809:22:__NVIC_SetPriority	16	static
../../common/STM32CubeWB/Drivers/STM32WBxx_HAL_Driver/Inc/stm32wbxx_ll_bus.h:364:22:LL_AHB1_GRP1_EnableClock	24	static
../../common/STM32CubeWB/Drivers/STM32WBxx_HAL_Driver/Inc/stm32wbxx_ll_bus.h:539:22:LL_AHB2_GRP1_EnableClock	24	static
../../common/STM32CubeWB/Drivers/STM32WBxx_HAL_Driver/Inc/stm32wbxx_ll_bus.h:939:22:LL_APB1_GRP1_EnableClock	24	static
../../common/STM32CubeWB/Drivers/STM32WBxx_HAL_Driver/Inc/stm32wbxx_ll_bus.h:1038:22:LL_APB1_GRP1_DisableClock	16	static
../../common/STM32CubeWB/Drivers/STM32WBxx_HAL_Driver/Inc/stm32wbxx_ll_gpio.h:281:22:LL_GPIO_SetPinMode	48	static,ignoring_inline_asm
../../common/STM32CubeWB/Drivers/STM32WBxx_HAL_Driver/Inc/stm32wbxx_ll_gpio.h:350:22:LL_GPIO_SetPinOutputType	24	static
../../common/STM32CubeWB/Drivers/STM32WBxx_HAL_Driver/Inc/stm32wbxx_ll_gpio.h:421:22:LL_GPIO_SetPinSpeed	48	static,ignoring_inline_asm
../../common/STM32CubeWB/Drivers/STM32WBxx_HAL_Driver/Inc/stm32wbxx_ll_gpio.h:492:22:LL_GPIO_SetPinPull	48	static,ignoring_inline_asm
../../common/STM32CubeWB/Drivers/STM32WBxx_HAL_Driver/Inc/stm32wbxx_ll_gpio.h:641:22:LL_GPIO_SetAFPin_8_15	48	static,ignoring_inline_asm
../../common/STM32CubeWB/Drivers/STM32WBxx_HAL_Driver/Inc/stm32wbxx_ll_i2c.h:429:22:LL_I2C_Enable	16	static
../../common/STM32CubeWB/Drivers/STM32WBxx_HAL_Driver/Inc/stm32wbxx_ll_i2c.h:443:22:LL_I2C_Disable	16	static
../../common/STM32CubeWB/Drivers/STM32WBxx_HAL_Driver/Inc/stm32wbxx_ll_i2c.h:549:22:LL_I2C_EnableDMAReq_TX	16	static
../../common/STM32CubeWB/Drivers/STM32WBxx_HAL_Driver/Inc/stm32wbxx_ll_i2c.h:560:22:LL_I2C_DisableDMAReq_TX	16	static
../../common/STM32CubeWB/Drivers/STM32WBxx_HAL_Driver/Inc/stm32wbxx_ll_i2c.h:582:22:LL_I2C_EnableDMAReq_RX	16	static
../../common/STM32CubeWB/Drivers/STM32WBxx_HAL_Driver/Inc/stm32wbxx_ll_i2c.h:593:22:LL_I2C_DisableDMAReq_RX	16	static
../../common/STM32CubeWB/Drivers/STM32WBxx_HAL_Driver/Inc/stm32wbxx_ll_i2c.h:619:26:LL_I2C_DMA_GetRegAddr	24	static
../../common/STM32CubeWB/Drivers/STM32WBxx_HAL_Driver/Inc/stm32wbxx_ll_i2c.h:1500:22:LL_I2C_EnableIT_ERR	16	static
../../common/STM32CubeWB/Drivers/STM32WBxx_HAL_Driver/Inc/stm32wbxx_ll_i2c.h:1591:26:LL_I2C_IsActiveFlag_ADDR	16	static
../../common/STM32CubeWB/Drivers/STM32WBxx_HAL_Driver/Inc/stm32wbxx_ll_i2c.h:1752:22:LL_I2C_ClearFlag_ADDR	16	static
../../common/STM32CubeWB/Drivers/STM32WBxx_HAL_Driver/Inc/stm32wbxx_ll_i2c.h:1797:22:LL_I2C_ClearFlag_BERR	16	static
../../common/STM32CubeWB/Drivers/STM32WBxx_HAL_Driver/Inc/stm32wbxx_ll_i2c.h:1808:22:LL_I2C_ClearFlag_ARLO	16	static
../../common/STM32CubeWB/Drivers/STM32WBxx_HAL_Driver/Inc/stm32wbxx_ll_i2c.h:1819:22:LL_I2C_ClearFlag_OVR	16	static
../../common/STM32CubeWB/Drivers/STM32WBxx_HAL_Driver/Inc/stm32wbxx_ll_i2c.h:1977:22:LL_I2C_AcknowledgeNextData	16	static
../../common/STM32CubeWB/Drivers/STM32WBxx_HAL_Driver/Inc/stm32wbxx_ll_i2c.h:1990:22:LL_I2C_GenerateStartCondition	16	static
../../common/STM32CubeWB/Drivers/STM32WBxx_HAL_Driver/Inc/stm32wbxx_ll_i2c.h:2001:22:LL_I2C_GenerateStopCondition	16	static
../../common/STM32CubeWB/Drivers/STM32WBxx_HAL_Driver/Inc/stm32wbxx_ll_i2c.h:2160:26:LL_I2C_GetTransferDirection	16	static
../../common/STM32CubeWB/Drivers/STM32WBxx_HAL_Driver/Inc/stm32wbxx_ll_i2c.h:2237:22:LL_I2C_TransmitData8	16	static
../../common/STM32CubeWB/Drivers/STM32WBxx_HAL_Driver/Inc/stm32wbxx_ll_dma.h:504:22:LL_DMA_EnableChannel	16	static
../../common/STM32CubeWB/Drivers/STM32WBxx_HAL_Driver/Inc/stm32wbxx_ll_dma.h:523:22:LL_DMA_DisableChannel	16	static
../../common/STM32CubeWB/Drivers/STM32WBxx_HAL_Driver/Inc/stm32wbxx_ll_dma.h:577:22:LL_DMA_ConfigTransfer	24	static
../../common/STM32CubeWB/Drivers/STM32WBxx_HAL_Driver/Inc/stm32wbxx_ll_dma.h:627:26:LL_DMA_GetDataTransferDirection	16	static
../../common/STM32CubeWB/Drivers/STM32WBxx_HAL_Driver/Inc/stm32wbxx_ll_dma.h:930:22:LL_DMA_SetDataLength	24	static
../../common/STM32CubeWB/Drivers/STM32WBxx_HAL_Driver/Inc/stm32wbxx_ll_dma.h:981:22:LL_DMA_ConfigAddresses	24	static
../../common/STM32CubeWB/Drivers/STM32WBxx_HAL_Driver/Inc/stm32wbxx_ll_dma.h:1393:26:LL_DMA_IsActiveFlag_TC2	16	static
../../common/STM32CubeWB/Drivers/STM32WBxx_HAL_Driver/Inc/stm32wbxx_ll_dma.h:1448:26:LL_DMA_IsActiveFlag_TC7	16	static
../../common/STM32CubeWB/Drivers/STM32WBxx_HAL_Driver/Inc/stm32wbxx_ll_dma.h:1547:26:LL_DMA_IsActiveFlag_TE2	16	static
../../common/STM32CubeWB/Drivers/STM32WBxx_HAL_Driver/Inc/stm32wbxx_ll_dma.h:1602:26:LL_DMA_IsActiveFlag_TE7	16	static
../../common/STM32CubeWB/Drivers/STM32WBxx_HAL_Driver/Inc/stm32wbxx_ll_dma.h:1729:22:LL_DMA_ClearFlag_TC2	16	static
../../common/STM32CubeWB/Drivers/STM32WBxx_HAL_Driver/Inc/stm32wbxx_ll_dma.h:1784:22:LL_DMA_ClearFlag_TC7	16	static
../../common/STM32CubeWB/Drivers/STM32WBxx_HAL_Driver/Inc/stm32wbxx_ll_dma.h:1806:22:LL_DMA_ClearFlag_HT2	16	static
../../common/STM32CubeWB/Drivers/STM32WBxx_HAL_Driver/Inc/stm32wbxx_ll_dma.h:1861:22:LL_DMA_ClearFlag_HT7	16	static
../../common/STM32CubeWB/Drivers/STM32WBxx_HAL_Driver/Inc/stm32wbxx_ll_dma.h:1883:22:LL_DMA_ClearFlag_TE2	16	static
../../common/STM32CubeWB/Drivers/STM32WBxx_HAL_Driver/Inc/stm32wbxx_ll_dma.h:1938:22:LL_DMA_ClearFlag_TE7	16	static
../../common/STM32CubeWB/Drivers/STM32WBxx_HAL_Driver/Inc/stm32wbxx_ll_dma.h:1964:22:LL_DMA_EnableIT_TC	16	static
../../common/STM32CubeWB/Drivers/STM32WBxx_HAL_Driver/Inc/stm32wbxx_ll_dma.h:2002:22:LL_DMA_EnableIT_TE	16	static
../Inc/FreeRTOSConfig.h:184:12:inHandlerMode	16	static,ignoring_inline_asm
../Src/I2CDrv.c:46:6:I2CDrv_Init	16	static
../Src/I2CDrv.c:69:6:I2CDrv_DeInit	16	static
../Src/I2CDrv.c:94:16:I2CDrv_Transaction	40	static
../Src/I2CDrv.c:184:6:I2C1_EV_IRQHandler	8	static
../Src/I2CDrv.c:231:6:I2C1_ER_IRQHandler	16	static,ignoring_inline_asm
../Src/I2CDrv.c:250:6:DMA1_Stream2_IRQHandler	16	static,ignoring_inline_asm
../Src/I2CDrv.c:278:6:DMA1_Stream7_IRQHandler	16	static,ignoring_inline_asm
../Src/I2CDrv.c:305:13:initGPIO	8	static
../Src/I2CDrv.c:326:13:deinitGPIO	8	static
../Src/I2CDrv.c:334:13:initI2C	40	static
../Src/I2CDrv.c:345:13:deinitI2C	8	static
../Src/I2CDrv.c:352:13:initDMA	8	static
../Src/I2CDrv.c:383:13:deinitDMA	4	static
../Src/I2CDrv.c:390:13:initIRQ	8	static
../Src/I2CDrv.c:413:13:deinitIRQ	8	static
