../Inc/FreeRTOSConfig.h:184:12:inHandlerMode	16	static,ignoring_inline_asm
../../common/STM32CubeWB/Drivers/STM32WBxx_HAL_Driver/Inc/stm32wbxx_ll_system.h:1976:22:LL_FLASH_SetLatency	16	static
../../common/STM32CubeWB/Drivers/STM32WBxx_HAL_Driver/Inc/stm32wbxx_ll_system.h:1990:26:LL_FLASH_GetLatency	4	static
../../common/STM32CubeWB/Drivers/STM32WBxx_HAL_Driver/Inc/stm32wbxx_ll_rcc.h:1480:22:LL_RCC_HSI_Enable	4	static
../../common/STM32CubeWB/Drivers/STM32WBxx_HAL_Driver/Inc/stm32wbxx_ll_rcc.h:1500:26:LL_RCC_HSI_IsReady	4	static
../../common/STM32CubeWB/Drivers/STM32WBxx_HAL_Driver/Inc/stm32wbxx_ll_rcc.h:1850:22:LL_RCC_MSI_Enable	4	static
../../common/STM32CubeWB/Drivers/STM32WBxx_HAL_Driver/Inc/stm32wbxx_ll_rcc.h:1870:26:LL_RCC_MSI_IsReady	4	static
../../common/STM32CubeWB/Drivers/STM32WBxx_HAL_Driver/Inc/stm32wbxx_ll_rcc.h:2058:22:LL_RCC_SetSysClkSource	16	static
../../common/STM32CubeWB/Drivers/STM32WBxx_HAL_Driver/Inc/stm32wbxx_ll_rcc.h:2072:26:LL_RCC_GetSysClkSource	4	static
../../common/STM32CubeWB/Drivers/STM32WBxx_HAL_Driver/Inc/stm32wbxx_ll_rcc.h:2152:22:LL_RCC_SetAHBPrescaler	16	static
../../common/STM32CubeWB/Drivers/STM32WBxx_HAL_Driver/Inc/stm32wbxx_ll_rcc.h:2177:22:LL_C2_RCC_SetAHBPrescaler	16	static
../../common/STM32CubeWB/Drivers/STM32WBxx_HAL_Driver/Inc/stm32wbxx_ll_rcc.h:2202:22:LL_RCC_SetAHB4Prescaler	16	static
../../common/STM32CubeWB/Drivers/STM32WBxx_HAL_Driver/Inc/stm32wbxx_ll_rcc.h:2218:22:LL_RCC_SetAPB1Prescaler	16	static
../../common/STM32CubeWB/Drivers/STM32WBxx_HAL_Driver/Inc/stm32wbxx_ll_rcc.h:2234:22:LL_RCC_SetAPB2Prescaler	16	static
../../common/STM32CubeWB/Drivers/STM32WBxx_HAL_Driver/Inc/stm32wbxx_ll_rcc.h:2942:22:LL_RCC_PLL_Enable	4	static
../../common/STM32CubeWB/Drivers/STM32WBxx_HAL_Driver/Inc/stm32wbxx_ll_rcc.h:2963:26:LL_RCC_PLL_IsReady	4	static
../../common/STM32CubeWB/Drivers/STM32WBxx_HAL_Driver/Inc/stm32wbxx_ll_rcc.h:2999:22:LL_RCC_PLL_ConfigDomain_SYS	24	static
../../common/STM32CubeWB/Drivers/STM32WBxx_HAL_Driver/Inc/stm32wbxx_ll_rcc.h:3385:22:LL_RCC_PLL_EnableDomain_SYS	4	static
../Src/main.c:31:5:main	8	static
../Src/main.c:42:6:vApplicationIdleHook	4	static
../Src/main.c:53:6:vApplicationTickHook	4	static
../Src/main.c:64:6:vApplicationMallocFailedHook	4	static,ignoring_inline_asm
../Src/main.c:76:6:vApplicationStackOverflowHook	16	static,ignoring_inline_asm
../Src/main.c:90:13:setUpClock	8	static
../Src/main.c:146:6:Error_Handler	16	static,ignoring_inline_asm
