../Inc/FreeRTOSConfig.h:184:12:inHandlerMode	16	static,ignoring_inline_asm
../Src/stream_buffer.c:324:26:xStreamBufferGenericCreate	64	static,ignoring_inline_asm
../Src/stream_buffer.c:538:6:vStreamBufferDelete	24	static,ignoring_inline_asm
../Src/stream_buffer.c:575:12:xStreamBufferReset	64	static,ignoring_inline_asm
../Src/stream_buffer.c:636:12:xStreamBufferSetTriggerLevel	32	static,ignoring_inline_asm
../Src/stream_buffer.c:670:8:xStreamBufferSpacesAvailable	32	static,ignoring_inline_asm
../Src/stream_buffer.c:707:8:xStreamBufferBytesAvailable	32	static,ignoring_inline_asm
../Src/stream_buffer.c:724:8:xStreamBufferSend	80	static,ignoring_inline_asm
../Src/stream_buffer.c:859:8:xStreamBufferSendFromISR	72	static,ignoring_inline_asm
../Src/stream_buffer.c:913:15:prvWriteMessageToBuffer	40	static,ignoring_inline_asm
../Src/stream_buffer.c:966:8:xStreamBufferReceive	64	static,ignoring_inline_asm
../Src/stream_buffer.c:1074:8:xStreamBufferNextMessageLengthBytes	40	static,ignoring_inline_asm
../Src/stream_buffer.c:1118:8:xStreamBufferReceiveFromISR	72	static,ignoring_inline_asm
../Src/stream_buffer.c:1178:15:prvReadMessageFromBuffer	40	static
../Src/stream_buffer.c:1233:12:xStreamBufferIsEmpty	32	static,ignoring_inline_asm
../Src/stream_buffer.c:1261:12:xStreamBufferIsFull	32	static,ignoring_inline_asm
../Src/stream_buffer.c:1300:12:xStreamBufferSendCompletedFromISR	56	static,ignoring_inline_asm
../Src/stream_buffer.c:1336:12:xStreamBufferReceiveCompletedFromISR	56	static,ignoring_inline_asm
../Src/stream_buffer.c:1372:15:prvWriteBytesToBuffer	40	static,ignoring_inline_asm
../Src/stream_buffer.c:1418:15:prvReadBytesFromBuffer	40	static,ignoring_inline_asm
../Src/stream_buffer.c:1462:15:prvBytesInBuffer	24	static
../Src/stream_buffer.c:1483:13:prvInitialiseNewStreamBuffer	32	static,ignoring_inline_asm
../Src/stream_buffer.c:1531:13:uxStreamBufferGetStreamBufferNotificationIndex	24	static,ignoring_inline_asm
../Src/stream_buffer.c:1545:6:vStreamBufferSetStreamBufferNotificationIndex	40	static,ignoring_inline_asm
../Src/stream_buffer.c:1569:17:uxStreamBufferGetStreamBufferNumber	16	static
../Src/stream_buffer.c:1583:10:vStreamBufferSetStreamBufferNumber	16	static
../Src/stream_buffer.c:1598:13:ucStreamBufferGetStreamBufferType	16	static
